https://oracle-japan.github.io/paasdocs/documents/containers/handson/k8s-walkthrough/
https://console.ap-tokyo-1.oraclecloud.com
https://github.com/oracle-japan/paasdocs/releases/tag/2019-05-29_oke-handson

<a href="https://github.com/oracle-japan/paasdocs/releases/tag/2019-05-29_oke-handson" target="_blank">資料のダウンロードはこちら</a><br>
<a href="https://console.us-ashburn-1.oraclecloud.com/a/#" target="_blank">Oracle Cloud Infrastructure(OCI)コンソール</a><br>
<a href="https://oracle-japan.github.io/paasdocs/documents/containers/handson/k8s-walkthrough/" target="_blank">ハンズオンはこちらから</a><br>


https://trends.google.co.jp/trends/explore?geo=JP&q=kubernetes

https://app.wercker.com/
Nakatsu
GitHub


docker build -t handson-010/cowweb:v1.0 .

j-VLXgFmNH(0Pb_wA]9U

docker login iad.ocir.io
handson190529/Handson-010

docker tag handson-010/cowweb:v1.0 iad.ocir.io/handson190529/handson-010/cowweb:v1.0

docker push iad.ocir.io/handson190529/handson-010/cowweb:v1.0

kubectl create namespace nakatsu

kubectl config set-context $(kubectl config current-context) --namespace=nakatsu

[Handson-010@handson-client cowweb-for-wercker-demo]$ kubectl get pod,service
NAME                          READY   STATUS    RESTARTS   AGE
pod/cowweb-7fd947f6b6-h96fp   1/1     Running   0          20s
pod/cowweb-7fd947f6b6-zjj6z   1/1     Running   0          20s

NAME             TYPE       CLUSTER-IP     EXTERNAL-IP   PORT(S)          AGE
service/cowweb   NodePort   10.96.133.88   <none>        8080:30574/TCP   3s

[Handson-010@handson-client cowweb-for-wercker-demo]$ kubectl get nodes -o wide
NAME        STATUS   ROLES   AGE   VERSION   INTERNAL-IP   EXTERNAL-IP       OS-IMAGE                  KERNEL-VERSION                     CONTAINER-RUNTIME
10.0.10.2   Ready    node    25h   v1.12.7   10.0.10.2     132.145.151.55    Oracle Linux Server 7.6   4.14.35-1844.4.5.2.el7uek.x86_64   docker://18.9.1
10.0.10.3   Ready    node    24h   v1.12.7   10.0.10.3     129.213.43.194    Oracle Linux Server 7.6   4.14.35-1844.4.5.2.el7uek.x86_64   docker://18.9.1
10.0.11.2   Ready    node    25h   v1.12.7   10.0.11.2     129.213.129.76    Oracle Linux Server 7.6   4.14.35-1844.4.5.2.el7uek.x86_64   docker://18.9.1
10.0.11.3   Ready    node    25h   v1.12.7   10.0.11.3     129.213.91.206    Oracle Linux Server 7.6   4.14.35-1844.4.5.2.el7uek.x86_64   docker://18.9.1
10.0.12.2   Ready    node    25h   v1.12.7   10.0.12.2     132.145.167.102   Oracle Linux Server 7.6   4.14.35-1844.4.5.2.el7uek.x86_64   docker://18.9.1
10.0.12.3   Ready    node    25h   v1.12.7   10.0.12.3     129.213.137.88    Oracle Linux Server 7.6   4.14.35-1844.4.5.2.el7uek.x86_64   docker://18.9.1


curl "http://132.145.151.55:30574/cowsay/say"


curl -H 'Authorization: Bearer <TOKEN>' https://app.wercker.com/api/v3/applications/Nakatsu/cowweb-for-wercker-demo

evi)
login as: Handson-010
Handson-010@129.213.42.203's password:
[Handson-010@handson-client ~]$ mkdir -p $HOME/.kube
[Handson-010@handson-client ~]$ oci ce cluster create-kubeconfig --cluster-id ocid1.cluster.oc1.iad.aaaaaaaaafrtanzthfrtqnjsmjswinrvgrsgmnbzha4dqzbwgcstimlbgezw --file $HOME/.kube/config --region us-ashburn-1
New config written to the Kubeconfig file /home/Handson-010/.kube/config
[Handson-010@handson-client ~]$ kubectl get node
NAME        STATUS   ROLES   AGE   VERSION
10.0.10.2   Ready    node    24h   v1.12.7
10.0.10.3   Ready    node    23h   v1.12.7
10.0.11.2   Ready    node    24h   v1.12.7
10.0.11.3   Ready    node    24h   v1.12.7
10.0.12.2   Ready    node    24h   v1.12.7
10.0.12.3   Ready    node    24h   v1.12.7
[Handson-010@handson-client ~]$ kubectl version
Client Version: version.Info{Major:"1", Minor:"14", GitVersion:"v1.14.2", GitCommit:"66049e3b21efe110454d67df4fa62b08ea79a19b", GitTreeState:"clean", BuildDate:"2019-05-16T16:23:09Z", GoVersion:"go1.12.5", Compiler:"gc", Platform:"linux/amd64"}
Server Version: version.Info{Major:"1", Minor:"12+", GitVersion:"v1.12.7-3+1a4d39a9763d23", GitCommit:"1a4d39a9763d23548d16e262d6dbe0fb2198a8ce", GitTreeState:"clean", BuildDate:"2019-03-27T01:47:38Z", GoVersion:"go1.10.8", Compiler:"gc", Platform:"linux/amd64"}
[Handson-010@handson-client ~]$ docker version
Client:
 Version:           18.09.6
 API version:       1.39
 Go version:        go1.10.8
 Git commit:        481bc77156
 Built:             Sat May  4 02:34:58 2019
 OS/Arch:           linux/amd64
 Experimental:      false

Server: Docker Engine - Community
 Engine:
  Version:          18.09.6
  API version:      1.39 (minimum version 1.12)
  Go version:       go1.10.8
  Git commit:       481bc77
  Built:            Sat May  4 02:02:43 2019
  OS/Arch:          linux/amd64
  Experimental:     false
[Handson-010@handson-client ~]$

login as: Handson-010
Handson-010@129.213.42.203's password:
Last login: Wed May 29 06:02:10 2019 from 202.45.129.201
[Handson-010@handson-client ~]$ kubectl get node
NAME        STATUS   ROLES   AGE   VERSION
10.0.10.2   Ready    node    24h   v1.12.7
10.0.10.3   Ready    node    24h   v1.12.7
10.0.11.2   Ready    node    24h   v1.12.7
10.0.11.3   Ready    node    24h   v1.12.7
10.0.12.2   Ready    node    24h   v1.12.7
10.0.12.3   Ready    node    24h   v1.12.7
[Handson-010@handson-client ~]$ ls -la
total 40
drwx------. 10 Handson-010 Handson-010 4096 May 29 06:13 .
drwxr-xr-x. 27 root        root        4096 May 28 06:16 ..
drwx------.  3 Handson-010 Handson-010   17 May 28 06:19 .ansible
-rw-------.  1 Handson-010 Handson-010  246 May 29 06:13 .bash_history
-rw-r--r--.  1 Handson-010 Handson-010   18 Aug 24  2018 .bash_logout
-rw-r--r--.  1 Handson-010 Handson-010  193 Aug 24  2018 .bash_profile
-rw-r--r--.  1 Handson-010 Handson-010  482 May 28 06:27 .bashrc
-rw-r--r--.  1 Handson-010 Handson-010  231 May 28 06:27 .bashrc.backup
drwxr-xr-x.  3 Handson-010 Handson-010   52 May 28 06:27 bin
drwx------.  4 Handson-010 Handson-010   29 May 29 06:02 .cache
drwxrwxr-x.  3 Handson-010 Handson-010   18 May 29 06:02 .config
-r-x------.  1 Handson-010 Handson-010 8701 May 28 06:19 install_oci.sh
drwxrwxr-x.  4 Handson-010 Handson-010   51 May 29 06:06 .kube
drwxr-xr-x.  3 Handson-010 Handson-010   24 May 28 06:26 lib
drwxr-xr-x.  2 Handson-010 Handson-010   61 May 28 07:03 .oci
drwxr-----.  3 Handson-010 Handson-010   19 May 28 06:26 .pki
[Handson-010@handson-client ~]$ ls -la .kube
total 12
drwxrwxr-x.  4 Handson-010 Handson-010   51 May 29 06:06 .
drwx------. 10 Handson-010 Handson-010 4096 May 29 06:13 ..
drwxr-xr-x.  3 Handson-010 Handson-010   23 May 29 06:06 cache
-rw-rw-r--.  1 Handson-010 Handson-010 3651 May 29 06:06 config
drwxrwxr-x.  3 Handson-010 Handson-010 4096 May 29 06:25 http-cache
[Handson-010@handson-client ~]$ git clone https://github.com/williamzhao1979/cowweb-for-wercker-demo.git
Cloning into 'cowweb-for-wercker-demo'...
remote: Enumerating objects: 74, done.
remote: Total 74 (delta 0), reused 0 (delta 0), pack-reused 74
Unpacking objects: 100% (74/74), done.
[Handson-010@handson-client ~]$ pwd
/home/Handson-010
[Handson-010@handson-client ~]$ ls -l
total 16
drwxr-xr-x. 3 Handson-010 Handson-010   52 May 28 06:27 bin
drwxrwxr-x. 6 Handson-010 Handson-010 4096 May 29 06:26 cowweb-for-wercker-demo
-r-x------. 1 Handson-010 Handson-010 8701 May 28 06:19 install_oci.sh
drwxr-xr-x. 3 Handson-010 Handson-010   24 May 28 06:26 lib
[Handson-010@handson-client ~]$ cd cowweb-for-wercker-demo
[Handson-010@handson-client cowweb-for-wercker-demo]$ chmod +x ./gradlew
[Handson-010@handson-client cowweb-for-wercker-demo]$ ./gradlew build
Downloading https://services.gradle.org/distributions/gradle-4.7-bin.zip
.......................................................................

Welcome to Gradle 4.7!

Here are the highlights of this release:
 - Incremental annotation processing
 - JDK 10 support
 - Grouped non-interactive console logs
 - Failed tests are re-run first for quicker feedback

For more details see https://docs.gradle.org/4.7/release-notes.html

Starting a Gradle Daemon (subsequent builds will be faster)
Download https://repo.maven.apache.org/maven2/org/springframework/boot/spring-boot-gradle-plugin/2.0.2.RELEASE/spring-boot-gradle-plugin-2.0.2.RELEASE.pom
Download https://repo.maven.apache.org/maven2/org/springframework/boot/spring-boot-tools/2.0.2.RELEASE/spring-boot-tools-2.0.2.RELEASE.pom
Download https://repo.maven.apache.org/maven2/org/springframework/boot/spring-boot-parent/2.0.2.RELEASE/spring-boot-parent-2.0.2.RELEASE.pom
Download https://repo.maven.apache.org/maven2/org/springframework/boot/spring-boot-dependencies/2.0.2.RELEASE/spring-boot-dependencies-2.0.2.RELEASE.pom
Download https://repo.maven.apache.org/maven2/com/fasterxml/jackson/jackson-bom/2.9.5/jackson-bom-2.9.5.pom
Download https://repo.maven.apache.org/maven2/com/fasterxml/jackson/jackson-parent/2.9.1/jackson-parent-2.9.1.pom
Download https://repo.maven.apache.org/maven2/com/fasterxml/oss-parent/30/oss-parent-30.pom
Download https://repo.maven.apache.org/maven2/io/netty/netty-bom/4.1.24.Final/netty-bom-4.1.24.Final.pom
Download https://repo.maven.apache.org/maven2/org/sonatype/oss/oss-parent/7/oss-parent-7.pom
Download https://repo.maven.apache.org/maven2/io/projectreactor/reactor-bom/Bismuth-SR9/reactor-bom-Bismuth-SR9.pom
Download https://repo.maven.apache.org/maven2/org/apache/logging/log4j/log4j-bom/2.10.0/log4j-bom-2.10.0.pom
Download https://repo.maven.apache.org/maven2/org/apache/logging/logging-parent/1/logging-parent-1.pom
Download https://repo.maven.apache.org/maven2/org/apache/apache/18/apache-18.pom
Download https://repo.maven.apache.org/maven2/org/eclipse/jetty/jetty-bom/9.4.10.v20180503/jetty-bom-9.4.10.v20180503.pom
Download https://repo.maven.apache.org/maven2/org/springframework/spring-framework-bom/5.0.6.RELEASE/spring-framework-bom-5.0.6.RELEASE.pom
Download https://repo.maven.apache.org/maven2/org/springframework/data/spring-data-releasetrain/Kay-SR7/spring-data-releasetrain-Kay-SR7.pom
Download https://repo.maven.apache.org/maven2/org/springframework/data/build/spring-data-build/2.0.7.RELEASE/spring-data-build-2.0.7.RELEASE.pom
Download https://repo.maven.apache.org/maven2/org/springframework/integration/spring-integration-bom/5.0.5.RELEASE/spring-integration-bom-5.0.5.RELEASE.pom
Download https://repo.maven.apache.org/maven2/org/springframework/security/spring-security-bom/5.0.5.RELEASE/spring-security-bom-5.0.5.RELEASE.pom
Download https://repo.maven.apache.org/maven2/org/springframework/session/spring-session-bom/Apple-SR2/spring-session-bom-Apple-SR2.pom
Download https://repo.maven.apache.org/maven2/io/spring/gradle/dependency-management-plugin/1.0.5.RELEASE/dependency-management-plugin-1.0.5.RELEASE.pom
Download https://repo.maven.apache.org/maven2/org/springframework/boot/spring-boot-loader-tools/2.0.2.RELEASE/spring-boot-loader-tools-2.0.2.RELEASE.pom
Download https://repo.maven.apache.org/maven2/org/apache/commons/commons-compress/1.14/commons-compress-1.14.pom
Download https://repo.maven.apache.org/maven2/org/apache/commons/commons-parent/42/commons-parent-42.pom
Download https://repo.maven.apache.org/maven2/org/springframework/spring-core/5.0.6.RELEASE/spring-core-5.0.6.RELEASE.pom
Download https://repo.maven.apache.org/maven2/org/springframework/spring-jcl/5.0.6.RELEASE/spring-jcl-5.0.6.RELEASE.pom
Download https://repo.maven.apache.org/maven2/io/spring/gradle/dependency-management-plugin/1.0.5.RELEASE/dependency-management-plugin-1.0.5.RELEASE.jar
Download https://repo.maven.apache.org/maven2/org/apache/commons/commons-compress/1.14/commons-compress-1.14.jar
Download https://repo.maven.apache.org/maven2/org/springframework/boot/spring-boot-gradle-plugin/2.0.2.RELEASE/spring-boot-gradle-plugin-2.0.2.RELEASE.jar
Download https://repo.maven.apache.org/maven2/org/springframework/boot/spring-boot-loader-tools/2.0.2.RELEASE/spring-boot-loader-tools-2.0.2.RELEASE.jar
Download https://repo.maven.apache.org/maven2/org/springframework/spring-jcl/5.0.6.RELEASE/spring-jcl-5.0.6.RELEASE.jar
Download https://repo.maven.apache.org/maven2/org/springframework/spring-core/5.0.6.RELEASE/spring-core-5.0.6.RELEASE.jar
Download https://repo.maven.apache.org/maven2/org/springframework/boot/spring-boot-starter-web/2.0.2.RELEASE/spring-boot-starter-web-2.0.2.RELEASE.pom
Download https://repo.maven.apache.org/maven2/com/github/ricksbrown/cowsay/1.0.3/cowsay-1.0.3.pom
Download https://repo.maven.apache.org/maven2/org/springframework/boot/spring-boot-starters/2.0.2.RELEASE/spring-boot-starters-2.0.2.RELEASE.pom
Download https://repo.maven.apache.org/maven2/org/sonatype/oss/oss-parent/9/oss-parent-9.pom
Download https://repo.maven.apache.org/maven2/commons-cli/commons-cli/1.3/commons-cli-1.3.pom
Download https://repo.maven.apache.org/maven2/org/apache/commons/commons-lang3/3.7/commons-lang3-3.7.pom
Download https://repo.maven.apache.org/maven2/org/apache/commons/commons-parent/37/commons-parent-37.pom
Download https://repo.maven.apache.org/maven2/org/apache/maven/maven-plugin-api/3.0/maven-plugin-api-3.0.pom
Download https://repo.maven.apache.org/maven2/org/apache/maven/maven/3.0/maven-3.0.pom
Download https://repo.maven.apache.org/maven2/org/apache/maven/maven-parent/15/maven-parent-15.pom
Download https://repo.maven.apache.org/maven2/org/apache/apache/16/apache-16.pom
Download https://repo.maven.apache.org/maven2/org/apache/apache/6/apache-6.pom
Download https://repo.maven.apache.org/maven2/org/springframework/boot/spring-boot-starter/2.0.2.RELEASE/spring-boot-starter-2.0.2.RELEASE.pom
Download https://repo.maven.apache.org/maven2/org/springframework/boot/spring-boot-starter-tomcat/2.0.2.RELEASE/spring-boot-starter-tomcat-2.0.2.RELEASE.pom
Download https://repo.maven.apache.org/maven2/org/hibernate/validator/hibernate-validator/6.0.9.Final/hibernate-validator-6.0.9.Final.pom
Download https://repo.maven.apache.org/maven2/org/springframework/boot/spring-boot-starter-json/2.0.2.RELEASE/spring-boot-starter-json-2.0.2.RELEASE.pom
Download https://repo.maven.apache.org/maven2/org/hibernate/validator/hibernate-validator-parent/6.0.9.Final/hibernate-validator-parent-6.0.9.Final.pom
Download https://repo.maven.apache.org/maven2/org/jboss/arquillian/arquillian-bom/1.1.11.Final/arquillian-bom-1.1.11.Final.pom
Download https://repo.maven.apache.org/maven2/org/jboss/shrinkwrap/shrinkwrap-bom/1.2.3/shrinkwrap-bom-1.2.3.pom
Download https://repo.maven.apache.org/maven2/org/jboss/shrinkwrap/resolver/shrinkwrap-resolver-bom/2.2.0/shrinkwrap-resolver-bom-2.2.0.pom
Download https://repo.maven.apache.org/maven2/org/jboss/shrinkwrap/descriptors/shrinkwrap-descriptors-bom/2.0.0-alpha-8/shrinkwrap-descriptors-bom-2.0.0-alpha-8.pom
Download https://repo.maven.apache.org/maven2/org/springframework/spring-webmvc/5.0.6.RELEASE/spring-webmvc-5.0.6.RELEASE.pom
Download https://repo.maven.apache.org/maven2/org/springframework/spring-web/5.0.6.RELEASE/spring-web-5.0.6.RELEASE.pom
Download https://repo.maven.apache.org/maven2/org/apache/maven/maven-model/3.0/maven-model-3.0.pom
Download https://repo.maven.apache.org/maven2/org/apache/maven/maven-artifact/3.0/maven-artifact-3.0.pom
Download https://repo.maven.apache.org/maven2/org/sonatype/sisu/sisu-inject-plexus/1.4.2/sisu-inject-plexus-1.4.2.pom
Download https://repo.maven.apache.org/maven2/org/sonatype/sisu/inject/guice-plexus/1.4.2/guice-plexus-1.4.2.pom
Download https://repo.maven.apache.org/maven2/org/sonatype/sisu/inject/guice-bean/1.4.2/guice-bean-1.4.2.pom
Download https://repo.maven.apache.org/maven2/org/sonatype/sisu/sisu-inject/1.4.2/sisu-inject-1.4.2.pom
Download https://repo.maven.apache.org/maven2/org/sonatype/sisu/sisu-parent/1.4.2/sisu-parent-1.4.2.pom
Download https://repo.maven.apache.org/maven2/org/sonatype/forge/forge-parent/6/forge-parent-6.pom
Download https://repo.maven.apache.org/maven2/org/springframework/boot/spring-boot-starter-logging/2.0.2.RELEASE/spring-boot-starter-logging-2.0.2.RELEASE.pom
Download https://repo.maven.apache.org/maven2/org/springframework/boot/spring-boot-autoconfigure/2.0.2.RELEASE/spring-boot-autoconfigure-2.0.2.RELEASE.pom
Download https://repo.maven.apache.org/maven2/javax/annotation/javax.annotation-api/1.3.2/javax.annotation-api-1.3.2.pom
Download https://repo.maven.apache.org/maven2/org/springframework/boot/spring-boot/2.0.2.RELEASE/spring-boot-2.0.2.RELEASE.pom
Download https://repo.maven.apache.org/maven2/net/java/jvnet-parent/3/jvnet-parent-3.pom
Download https://repo.maven.apache.org/maven2/org/yaml/snakeyaml/1.19/snakeyaml-1.19.pom
Download https://repo.maven.apache.org/maven2/com/fasterxml/jackson/datatype/jackson-datatype-jsr310/2.9.5/jackson-datatype-jsr310-2.9.5.pom
Download https://repo.maven.apache.org/maven2/com/fasterxml/jackson/datatype/jackson-datatype-jdk8/2.9.5/jackson-datatype-jdk8-2.9.5.pom
Download https://repo.maven.apache.org/maven2/com/fasterxml/jackson/module/jackson-module-parameter-names/2.9.5/jackson-module-parameter-names-2.9.5.pom
Download https://repo.maven.apache.org/maven2/com/fasterxml/jackson/core/jackson-databind/2.9.5/jackson-databind-2.9.5.pom
Download https://repo.maven.apache.org/maven2/com/fasterxml/jackson/module/jackson-modules-java8/2.9.5/jackson-modules-java8-2.9.5.pom
Download https://repo.maven.apache.org/maven2/com/fasterxml/jackson/jackson-base/2.9.5/jackson-base-2.9.5.pom
Download https://repo.maven.apache.org/maven2/org/apache/tomcat/embed/tomcat-embed-core/8.5.31/tomcat-embed-core-8.5.31.pom
Download https://repo.maven.apache.org/maven2/org/apache/tomcat/embed/tomcat-embed-el/8.5.31/tomcat-embed-el-8.5.31.pom
Download https://repo.maven.apache.org/maven2/org/apache/tomcat/embed/tomcat-embed-websocket/8.5.31/tomcat-embed-websocket-8.5.31.pom
Download https://repo.maven.apache.org/maven2/javax/validation/validation-api/2.0.1.Final/validation-api-2.0.1.Final.pom
Download https://repo.maven.apache.org/maven2/com/fasterxml/classmate/1.3.4/classmate-1.3.4.pom
Download https://repo.maven.apache.org/maven2/org/jboss/logging/jboss-logging/3.3.2.Final/jboss-logging-3.3.2.Final.pom
Download https://repo.maven.apache.org/maven2/org/jboss/jboss-parent/15/jboss-parent-15.pom
Download https://repo.maven.apache.org/maven2/com/fasterxml/oss-parent/24/oss-parent-24.pom
Download https://repo.maven.apache.org/maven2/org/springframework/spring-beans/5.0.6.RELEASE/spring-beans-5.0.6.RELEASE.pom
Download https://repo.maven.apache.org/maven2/org/springframework/spring-context/5.0.6.RELEASE/spring-context-5.0.6.RELEASE.pom
Download https://repo.maven.apache.org/maven2/org/springframework/spring-expression/5.0.6.RELEASE/spring-expression-5.0.6.RELEASE.pom
Download https://repo.maven.apache.org/maven2/org/springframework/spring-aop/5.0.6.RELEASE/spring-aop-5.0.6.RELEASE.pom
Download https://repo.maven.apache.org/maven2/org/codehaus/plexus/plexus-utils/2.0.4/plexus-utils-2.0.4.pom
Download https://repo.maven.apache.org/maven2/org/codehaus/plexus/plexus/2.0.6/plexus-2.0.6.pom
Download https://repo.maven.apache.org/maven2/org/codehaus/plexus/plexus-utils/2.0.5/plexus-utils-2.0.5.pom
Download https://repo.maven.apache.org/maven2/org/codehaus/plexus/plexus-component-annotations/1.5.4/plexus-component-annotations-1.5.4.pom
Download https://repo.maven.apache.org/maven2/org/sonatype/sisu/sisu-inject-bean/1.4.2/sisu-inject-bean-1.4.2.pom
Download https://repo.maven.apache.org/maven2/org/codehaus/plexus/plexus-classworlds/2.2.3/plexus-classworlds-2.2.3.pom
Download https://repo.maven.apache.org/maven2/org/codehaus/plexus/plexus-containers/1.5.4/plexus-containers-1.5.4.pom
Download https://repo.maven.apache.org/maven2/org/codehaus/plexus/plexus/2.0.5/plexus-2.0.5.pom
Download https://repo.maven.apache.org/maven2/org/slf4j/jul-to-slf4j/1.7.25/jul-to-slf4j-1.7.25.pom
Download https://repo.maven.apache.org/maven2/ch/qos/logback/logback-classic/1.2.3/logback-classic-1.2.3.pom
Download https://repo.maven.apache.org/maven2/org/apache/logging/log4j/log4j-to-slf4j/2.10.0/log4j-to-slf4j-2.10.0.pom
Download https://repo.maven.apache.org/maven2/org/slf4j/slf4j-parent/1.7.25/slf4j-parent-1.7.25.pom
Download https://repo.maven.apache.org/maven2/org/apache/logging/log4j/log4j/2.10.0/log4j-2.10.0.pom
Download https://repo.maven.apache.org/maven2/ch/qos/logback/logback-parent/1.2.3/logback-parent-1.2.3.pom
Download https://repo.maven.apache.org/maven2/com/fasterxml/jackson/core/jackson-core/2.9.5/jackson-core-2.9.5.pom
Download https://repo.maven.apache.org/maven2/com/fasterxml/jackson/core/jackson-annotations/2.9.0/jackson-annotations-2.9.0.pom
Download https://repo.maven.apache.org/maven2/com/fasterxml/jackson/jackson-parent/2.9.0/jackson-parent-2.9.0.pom
Download https://repo.maven.apache.org/maven2/com/fasterxml/oss-parent/28/oss-parent-28.pom
Download https://repo.maven.apache.org/maven2/org/sonatype/sisu/sisu-guice/2.1.7/sisu-guice-2.1.7.pom
Download https://repo.maven.apache.org/maven2/ch/qos/logback/logback-core/1.2.3/logback-core-1.2.3.pom
Download https://repo.maven.apache.org/maven2/org/slf4j/slf4j-api/1.7.25/slf4j-api-1.7.25.pom
Download https://repo.maven.apache.org/maven2/org/apache/logging/log4j/log4j-api/2.10.0/log4j-api-2.10.0.pom
Download https://repo.maven.apache.org/maven2/org/apache/tomcat/tomcat-annotations-api/8.5.31/tomcat-annotations-api-8.5.31.pom
Download https://repo.maven.apache.org/maven2/org/springframework/boot/spring-boot-starter-web/2.0.2.RELEASE/spring-boot-starter-web-2.0.2.RELEASE.jar
Download https://repo.maven.apache.org/maven2/com/github/ricksbrown/cowsay/1.0.3/cowsay-1.0.3.jar
Download https://repo.maven.apache.org/maven2/commons-cli/commons-cli/1.3/commons-cli-1.3.jar
Download https://repo.maven.apache.org/maven2/org/apache/commons/commons-lang3/3.7/commons-lang3-3.7.jar
Download https://repo.maven.apache.org/maven2/org/springframework/boot/spring-boot-starter-json/2.0.2.RELEASE/spring-boot-starter-json-2.0.2.RELEASE.jar
Download https://repo.maven.apache.org/maven2/org/springframework/boot/spring-boot-starter/2.0.2.RELEASE/spring-boot-starter-2.0.2.RELEASE.jar
Download https://repo.maven.apache.org/maven2/org/springframework/boot/spring-boot-starter-tomcat/2.0.2.RELEASE/spring-boot-starter-tomcat-2.0.2.RELEASE.jar
Download https://repo.maven.apache.org/maven2/org/hibernate/validator/hibernate-validator/6.0.9.Final/hibernate-validator-6.0.9.Final.jar
Download https://repo.maven.apache.org/maven2/org/springframework/spring-webmvc/5.0.6.RELEASE/spring-webmvc-5.0.6.RELEASE.jar
Download https://repo.maven.apache.org/maven2/org/springframework/spring-web/5.0.6.RELEASE/spring-web-5.0.6.RELEASE.jar
Download https://repo.maven.apache.org/maven2/org/apache/maven/maven-model/3.0/maven-model-3.0.jar
Download https://repo.maven.apache.org/maven2/org/apache/maven/maven-artifact/3.0/maven-artifact-3.0.jar
Download https://repo.maven.apache.org/maven2/org/sonatype/sisu/sisu-inject-plexus/1.4.2/sisu-inject-plexus-1.4.2.jar
Download https://repo.maven.apache.org/maven2/org/springframework/boot/spring-boot-starter-logging/2.0.2.RELEASE/spring-boot-starter-logging-2.0.2.RELEASE.jar
Download https://repo.maven.apache.org/maven2/org/springframework/boot/spring-boot-autoconfigure/2.0.2.RELEASE/spring-boot-autoconfigure-2.0.2.RELEASE.jar
Download https://repo.maven.apache.org/maven2/javax/annotation/javax.annotation-api/1.3.2/javax.annotation-api-1.3.2.jar
Download https://repo.maven.apache.org/maven2/org/springframework/boot/spring-boot/2.0.2.RELEASE/spring-boot-2.0.2.RELEASE.jar
Download https://repo.maven.apache.org/maven2/org/springframework/spring-aop/5.0.6.RELEASE/spring-aop-5.0.6.RELEASE.jar
Download https://repo.maven.apache.org/maven2/org/springframework/spring-context/5.0.6.RELEASE/spring-context-5.0.6.RELEASE.jar
Download https://repo.maven.apache.org/maven2/org/springframework/spring-beans/5.0.6.RELEASE/spring-beans-5.0.6.RELEASE.jar
Download https://repo.maven.apache.org/maven2/org/springframework/spring-expression/5.0.6.RELEASE/spring-expression-5.0.6.RELEASE.jar
Download https://repo.maven.apache.org/maven2/org/yaml/snakeyaml/1.19/snakeyaml-1.19.jar
Download https://repo.maven.apache.org/maven2/com/fasterxml/jackson/datatype/jackson-datatype-jdk8/2.9.5/jackson-datatype-jdk8-2.9.5.jar
Download https://repo.maven.apache.org/maven2/com/fasterxml/jackson/datatype/jackson-datatype-jsr310/2.9.5/jackson-datatype-jsr310-2.9.5.jar
Download https://repo.maven.apache.org/maven2/com/fasterxml/jackson/core/jackson-databind/2.9.5/jackson-databind-2.9.5.jar
Download https://repo.maven.apache.org/maven2/com/fasterxml/jackson/module/jackson-module-parameter-names/2.9.5/jackson-module-parameter-names-2.9.5.jar
Download https://repo.maven.apache.org/maven2/org/apache/tomcat/embed/tomcat-embed-websocket/8.5.31/tomcat-embed-websocket-8.5.31.jar
Download https://repo.maven.apache.org/maven2/org/apache/tomcat/embed/tomcat-embed-el/8.5.31/tomcat-embed-el-8.5.31.jar
Download https://repo.maven.apache.org/maven2/org/apache/tomcat/embed/tomcat-embed-core/8.5.31/tomcat-embed-core-8.5.31.jar
Download https://repo.maven.apache.org/maven2/javax/validation/validation-api/2.0.1.Final/validation-api-2.0.1.Final.jar
Download https://repo.maven.apache.org/maven2/org/jboss/logging/jboss-logging/3.3.2.Final/jboss-logging-3.3.2.Final.jar
Download https://repo.maven.apache.org/maven2/org/codehaus/plexus/plexus-utils/2.0.5/plexus-utils-2.0.5.jar
Download https://repo.maven.apache.org/maven2/com/fasterxml/classmate/1.3.4/classmate-1.3.4.jar
Download https://repo.maven.apache.org/maven2/org/codehaus/plexus/plexus-component-annotations/1.5.4/plexus-component-annotations-1.5.4.jar
Download https://repo.maven.apache.org/maven2/org/codehaus/plexus/plexus-classworlds/2.2.3/plexus-classworlds-2.2.3.jar
Download https://repo.maven.apache.org/maven2/org/sonatype/sisu/sisu-inject-bean/1.4.2/sisu-inject-bean-1.4.2.jar
Download https://repo.maven.apache.org/maven2/ch/qos/logback/logback-classic/1.2.3/logback-classic-1.2.3.jar
Download https://repo.maven.apache.org/maven2/org/apache/logging/log4j/log4j-to-slf4j/2.10.0/log4j-to-slf4j-2.10.0.jar
Download https://repo.maven.apache.org/maven2/org/slf4j/jul-to-slf4j/1.7.25/jul-to-slf4j-1.7.25.jar
Download https://repo.maven.apache.org/maven2/com/fasterxml/jackson/core/jackson-annotations/2.9.0/jackson-annotations-2.9.0.jar
Download https://repo.maven.apache.org/maven2/ch/qos/logback/logback-core/1.2.3/logback-core-1.2.3.jar
Download https://repo.maven.apache.org/maven2/com/fasterxml/jackson/core/jackson-core/2.9.5/jackson-core-2.9.5.jar
Download https://repo.maven.apache.org/maven2/org/sonatype/sisu/sisu-guice/2.1.7/sisu-guice-2.1.7-noaop.jar
Download https://repo.maven.apache.org/maven2/org/slf4j/slf4j-api/1.7.25/slf4j-api-1.7.25.jar
Download https://repo.maven.apache.org/maven2/org/apache/maven/maven-plugin-api/3.0/maven-plugin-api-3.0.jar
Download https://repo.maven.apache.org/maven2/org/apache/logging/log4j/log4j-api/2.10.0/log4j-api-2.10.0.jar
Download https://repo.maven.apache.org/maven2/org/springframework/boot/spring-boot-starter-test/2.0.2.RELEASE/spring-boot-starter-test-2.0.2.RELEASE.pom
Download https://repo.maven.apache.org/maven2/org/glassfish/jersey/inject/jersey-hk2/2.26/jersey-hk2-2.26.pom
Download https://repo.maven.apache.org/maven2/org/glassfish/jersey/core/jersey-client/2.26/jersey-client-2.26.pom
Download https://repo.maven.apache.org/maven2/junit/junit/4.12/junit-4.12.pom
Download https://repo.maven.apache.org/maven2/org/glassfish/jersey/project/2.26/project-2.26.pom
Download https://repo.maven.apache.org/maven2/org/glassfish/jersey/inject/project/2.26/project-2.26.pom
Download https://repo.maven.apache.org/maven2/net/java/jvnet-parent/4/jvnet-parent-4.pom
Download https://repo.maven.apache.org/maven2/org/glassfish/hk2/hk2-bom/2.5.0-b42/hk2-bom-2.5.0-b42.pom
Download https://repo.maven.apache.org/maven2/net/java/jvnet-parent/5/jvnet-parent-5.pom
Download https://repo.maven.apache.org/maven2/org/hamcrest/hamcrest-core/1.3/hamcrest-core-1.3.pom
Download https://repo.maven.apache.org/maven2/org/hamcrest/hamcrest-parent/1.3/hamcrest-parent-1.3.pom
Download https://repo.maven.apache.org/maven2/org/glassfish/jersey/core/jersey-common/2.26/jersey-common-2.26.pom
Download https://repo.maven.apache.org/maven2/org/glassfish/hk2/external/javax.inject/2.5.0-b42/javax.inject-2.5.0-b42.pom
Download https://repo.maven.apache.org/maven2/org/glassfish/hk2/external/2.5.0-b42/external-2.5.0-b42.pom
Download https://repo.maven.apache.org/maven2/javax/ws/rs/javax.ws.rs-api/2.1/javax.ws.rs-api-2.1.pom
Download https://repo.maven.apache.org/maven2/org/glassfish/hk2/hk2-parent/2.5.0-b42/hk2-parent-2.5.0-b42.pom
Download https://repo.maven.apache.org/maven2/org/glassfish/hk2/hk2-locator/2.5.0-b42/hk2-locator-2.5.0-b42.pom
Download https://repo.maven.apache.org/maven2/org/springframework/boot/spring-boot-test/2.0.2.RELEASE/spring-boot-test-2.0.2.RELEASE.pom
Download https://repo.maven.apache.org/maven2/org/springframework/boot/spring-boot-test-autoconfigure/2.0.2.RELEASE/spring-boot-test-autoconfigure-2.0.2.RELEASE.pom
Download https://repo.maven.apache.org/maven2/com/jayway/jsonpath/json-path/2.4.0/json-path-2.4.0.pom
Download https://repo.maven.apache.org/maven2/org/assertj/assertj-core/3.9.1/assertj-core-3.9.1.pom
Download https://repo.maven.apache.org/maven2/org/hamcrest/hamcrest-library/1.3/hamcrest-library-1.3.pom
Download https://repo.maven.apache.org/maven2/org/assertj/assertj-parent-pom/2.1.9/assertj-parent-pom-2.1.9.pom
Download https://repo.maven.apache.org/maven2/org/skyscreamer/jsonassert/1.5.0/jsonassert-1.5.0.pom
Download https://repo.maven.apache.org/maven2/org/springframework/spring-test/5.0.6.RELEASE/spring-test-5.0.6.RELEASE.pom
Download https://repo.maven.apache.org/maven2/org/xmlunit/xmlunit-core/2.5.1/xmlunit-core-2.5.1.pom
Download https://repo.maven.apache.org/maven2/org/mockito/mockito-core/2.15.0/mockito-core-2.15.0.pom
Download https://repo.maven.apache.org/maven2/org/xmlunit/xmlunit-parent/2.5.1/xmlunit-parent-2.5.1.pom
Download https://repo.maven.apache.org/maven2/org/glassfish/hk2/osgi-resource-locator/1.0.1/osgi-resource-locator-1.0.1.pom
Download https://repo.maven.apache.org/maven2/org/glassfish/pom/8/pom-8.pom
Download https://repo.maven.apache.org/maven2/org/glassfish/hk2/external/aopalliance-repackaged/2.5.0-b42/aopalliance-repackaged-2.5.0-b42.pom
Download https://repo.maven.apache.org/maven2/org/javassist/javassist/3.22.0-CR2/javassist-3.22.0-CR2.pom
Download https://repo.maven.apache.org/maven2/org/glassfish/hk2/hk2-utils/2.5.0-b42/hk2-utils-2.5.0-b42.pom
Download https://repo.maven.apache.org/maven2/org/glassfish/hk2/hk2-api/2.5.0-b42/hk2-api-2.5.0-b42.pom
Download https://repo.maven.apache.org/maven2/net/minidev/json-smart/2.3/json-smart-2.3.pom
Download https://repo.maven.apache.org/maven2/net/minidev/minidev-parent/2.3/minidev-parent-2.3.pom
Download https://repo.maven.apache.org/maven2/net/bytebuddy/byte-buddy-agent/1.7.11/byte-buddy-agent-1.7.11.pom
Download https://repo.maven.apache.org/maven2/org/objenesis/objenesis/2.6/objenesis-2.6.pom
Download https://repo.maven.apache.org/maven2/net/bytebuddy/byte-buddy/1.7.11/byte-buddy-1.7.11.pom
Download https://repo.maven.apache.org/maven2/org/objenesis/objenesis-parent/2.6/objenesis-parent-2.6.pom
Download https://repo.maven.apache.org/maven2/net/bytebuddy/byte-buddy-parent/1.7.11/byte-buddy-parent-1.7.11.pom
Download https://repo.maven.apache.org/maven2/com/vaadin/external/google/android-json/0.0.20131108.vaadin1/android-json-0.0.20131108.vaadin1.pom
Download https://repo.maven.apache.org/maven2/javax/inject/javax.inject/1/javax.inject-1.pom
Download https://repo.maven.apache.org/maven2/net/minidev/accessors-smart/1.2/accessors-smart-1.2.pom
Download https://repo.maven.apache.org/maven2/org/ow2/asm/asm/5.0.4/asm-5.0.4.pom
Download https://repo.maven.apache.org/maven2/org/ow2/asm/asm-parent/5.0.4/asm-parent-5.0.4.pom
Download https://repo.maven.apache.org/maven2/org/ow2/ow2/1.3/ow2-1.3.pom
Download https://repo.maven.apache.org/maven2/junit/junit/4.12/junit-4.12.jar
Download https://repo.maven.apache.org/maven2/org/springframework/boot/spring-boot-starter-test/2.0.2.RELEASE/spring-boot-starter-test-2.0.2.RELEASE.jar
Download https://repo.maven.apache.org/maven2/org/glassfish/jersey/core/jersey-client/2.26/jersey-client-2.26.jar
Download https://repo.maven.apache.org/maven2/org/hamcrest/hamcrest-library/1.3/hamcrest-library-1.3.jar
Download https://repo.maven.apache.org/maven2/org/hamcrest/hamcrest-core/1.3/hamcrest-core-1.3.jar
Download https://repo.maven.apache.org/maven2/org/glassfish/jersey/core/jersey-common/2.26/jersey-common-2.26.jar
Download https://repo.maven.apache.org/maven2/org/glassfish/hk2/external/javax.inject/2.5.0-b42/javax.inject-2.5.0-b42.jar
Download https://repo.maven.apache.org/maven2/org/glassfish/hk2/hk2-locator/2.5.0-b42/hk2-locator-2.5.0-b42.jar
Download https://repo.maven.apache.org/maven2/javax/ws/rs/javax.ws.rs-api/2.1/javax.ws.rs-api-2.1.jar
Download https://repo.maven.apache.org/maven2/org/springframework/boot/spring-boot-test-autoconfigure/2.0.2.RELEASE/spring-boot-test-autoconfigure-2.0.2.RELEASE.jar
Download https://repo.maven.apache.org/maven2/org/springframework/boot/spring-boot-test/2.0.2.RELEASE/spring-boot-test-2.0.2.RELEASE.jar
Download https://repo.maven.apache.org/maven2/com/jayway/jsonpath/json-path/2.4.0/json-path-2.4.0.jar
Download https://repo.maven.apache.org/maven2/org/assertj/assertj-core/3.9.1/assertj-core-3.9.1.jar
Download https://repo.maven.apache.org/maven2/org/mockito/mockito-core/2.15.0/mockito-core-2.15.0.jar
Download https://repo.maven.apache.org/maven2/org/skyscreamer/jsonassert/1.5.0/jsonassert-1.5.0.jar
Download https://repo.maven.apache.org/maven2/org/springframework/spring-test/5.0.6.RELEASE/spring-test-5.0.6.RELEASE.jar
Download https://repo.maven.apache.org/maven2/org/xmlunit/xmlunit-core/2.5.1/xmlunit-core-2.5.1.jar
Download https://repo.maven.apache.org/maven2/org/glassfish/hk2/hk2-api/2.5.0-b42/hk2-api-2.5.0-b42.jar
Download https://repo.maven.apache.org/maven2/org/glassfish/hk2/hk2-utils/2.5.0-b42/hk2-utils-2.5.0-b42.jar
Download https://repo.maven.apache.org/maven2/org/glassfish/hk2/external/aopalliance-repackaged/2.5.0-b42/aopalliance-repackaged-2.5.0-b42.jar
Download https://repo.maven.apache.org/maven2/org/glassfish/hk2/osgi-resource-locator/1.0.1/osgi-resource-locator-1.0.1.jar
Download https://repo.maven.apache.org/maven2/org/javassist/javassist/3.22.0-CR2/javassist-3.22.0-CR2.jar
Download https://repo.maven.apache.org/maven2/net/bytebuddy/byte-buddy/1.7.11/byte-buddy-1.7.11.jar
Download https://repo.maven.apache.org/maven2/net/minidev/json-smart/2.3/json-smart-2.3.jar
Download https://repo.maven.apache.org/maven2/net/bytebuddy/byte-buddy-agent/1.7.11/byte-buddy-agent-1.7.11.jar
Download https://repo.maven.apache.org/maven2/org/objenesis/objenesis/2.6/objenesis-2.6.jar
Download https://repo.maven.apache.org/maven2/com/vaadin/external/google/android-json/0.0.20131108.vaadin1/android-json-0.0.20131108.vaadin1.jar
Download https://repo.maven.apache.org/maven2/javax/inject/javax.inject/1/javax.inject-1.jar
Download https://repo.maven.apache.org/maven2/net/minidev/accessors-smart/1.2/accessors-smart-1.2.jar
Download https://repo.maven.apache.org/maven2/org/ow2/asm/asm/5.0.4/asm-5.0.4.jar
Download https://repo.maven.apache.org/maven2/org/glassfish/jersey/inject/jersey-hk2/2.26/jersey-hk2-2.26.jar

> Task :test
06:27:45.919 [Thread-5] INFO org.springframework.web.context.support.GenericWebApplicationContext - Closing org.springframework.web.context.support.GenericWebApplicationContext@7716486c: startup date [Wed May 29 06:27:41 GMT 2019]; root of context hierarchy
06:27:45.920 [Thread-5] DEBUG org.springframework.beans.factory.support.DefaultListableBeanFactory - Returning cached instance of singleton bean 'lifecycleProcessor'
06:27:45.921 [Thread-5] DEBUG org.springframework.beans.factory.support.DefaultListableBeanFactory - Destroying singletons in org.springframework.beans.factory.support.DefaultListableBeanFactory@1accec63: defining beans [org.springframework.context.annotation.internalConfigurationAnnotationProcessor,org.springframework.context.annotation.internalAutowiredAnnotationProcessor,org.springframework.context.annotation.internalRequiredAnnotationProcessor,org.springframework.context.annotation.internalCommonAnnotationProcessor,org.springframework.context.event.internalEventListenerProcessor,org.springframework.context.event.internalEventListenerFactory,application,org.springframework.boot.test.mock.mockito.MockitoPostProcessor$SpyPostProcessor,org.springframework.boot.test.mock.mockito.MockitoPostProcessor,applicationProperties,cowsayController,webMvcConfiguration,getAccessLogInterceptor,org.springframework.boot.autoconfigure.AutoConfigurationPackages,org.springframework.boot.autoconfigure.context.PropertyPlaceholderAutoConfiguration,org.springframework.boot.autoconfigure.condition.BeanTypeRegistry,propertySourcesPlaceholderConfigurer,org.springframework.boot.autoconfigure.websocket.servlet.WebSocketServletAutoConfiguration$TomcatWebSocketConfiguration,websocketContainerCustomizer,org.springframework.boot.autoconfigure.websocket.servlet.WebSocketServletAutoConfiguration,org.springframework.boot.autoconfigure.web.servlet.ServletWebServerFactoryConfiguration$EmbeddedTomcat,tomcatServletWebServerFactory,org.springframework.boot.autoconfigure.web.servlet.ServletWebServerFactoryAutoConfiguration,servletWebServerFactoryCustomizer,tomcatServletWebServerFactoryCustomizer,server-org.springframework.boot.autoconfigure.web.ServerProperties,org.springframework.boot.context.properties.ConfigurationPropertiesBindingPostProcessor,org.springframework.boot.context.properties.ConfigurationBeanFactoryMetadata,webServerFactoryCustomizerBeanPostProcessor,errorPageRegistrarBeanPostProcessor,org.springframework.boot.autoconfigure.web.servlet.DispatcherServletAutoConfiguration$DispatcherServletConfiguration,dispatcherServlet,mainDispatcherServletPathProvider,spring.mvc-org.springframework.boot.autoconfigure.web.servlet.WebMvcProperties,org.springframework.boot.autoconfigure.web.servlet.DispatcherServletAutoConfiguration$DispatcherServletRegistrationConfiguration,dispatcherServletRegistration,org.springframework.boot.autoconfigure.web.servlet.DispatcherServletAutoConfiguration,org.springframework.boot.autoconfigure.validation.ValidationAutoConfiguration,defaultValidator,methodValidationPostProcessor,org.springframework.boot.autoconfigure.web.servlet.error.ErrorMvcAutoConfiguration$WhitelabelErrorViewConfiguration,error,beanNameViewResolver,org.springframework.boot.autoconfigure.web.servlet.error.ErrorMvcAutoConfiguration$DefaultErrorViewResolverConfiguration,conventionErrorViewResolver,org.springframework.boot.autoconfigure.web.servlet.error.ErrorMvcAutoConfiguration,errorAttributes,basicErrorController,errorPageCustomizer,preserveErrorControllerTargetClassPostProcessor,spring.resources-org.springframework.boot.autoconfigure.web.ResourceProperties,org.springframework.boot.autoconfigure.web.servlet.WebMvcAutoConfiguration$WebMvcAutoConfigurationAdapter$FaviconConfiguration,faviconHandlerMapping,faviconRequestHandler,org.springframework.boot.autoconfigure.web.servlet.WebMvcAutoConfiguration$EnableWebMvcConfiguration,requestMappingHandlerAdapter,requestMappingHandlerMapping,mvcConversionService,mvcValidator,mvcContentNegotiationManager,mvcPathMatcher,mvcUrlPathHelper,viewControllerHandlerMapping,beanNameHandlerMapping,resourceHandlerMapping,mvcResourceUrlProvider,defaultServletHandlerMapping,mvcUriComponentsContributor,httpRequestHandlerAdapter,simpleControllerHandlerAdapter,handlerExceptionResolver,mvcViewResolver,mvcHandlerMappingIntrospector,org.springframework.boot.autoconfigure.web.servlet.WebMvcAutoConfiguration$WebMvcAutoConfigurationAdapter,defaultViewResolver,viewResolver,welcomePageHandlerMapping,requestContextFilter,org.springframework.boot.autoconfigure.web.servlet.WebMvcAutoConfiguration,hiddenHttpMethodFilter,httpPutFormContentFilter,org.springframework.boot.autoconfigure.jmx.JmxAutoConfiguration,mbeanExporter,objectNamingStrategy,mbeanServer,org.springframework.boot.autoconfigure.context.ConfigurationPropertiesAutoConfiguration,org.springframework.boot.autoconfigure.jackson.JacksonAutoConfiguration$Jackson2ObjectMapperBuilderCustomizerConfiguration,standardJacksonObjectMapperBuilderCustomizer,spring.jackson-org.springframework.boot.autoconfigure.jackson.JacksonProperties,org.springframework.boot.autoconfigure.jackson.JacksonAutoConfiguration$JacksonObjectMapperBuilderConfiguration,jacksonObjectMapperBuilder,org.springframework.boot.autoconfigure.jackson.JacksonAutoConfiguration$ParameterNamesModuleConfiguration,parameterNamesModule,org.springframework.boot.autoconfigure.jackson.JacksonAutoConfiguration$JacksonObjectMapperConfiguration,jacksonObjectMapper,org.springframework.boot.autoconfigure.jackson.JacksonAutoConfiguration,jsonComponentModule,org.springframework.boot.autoconfigure.http.HttpMessageConvertersAutoConfiguration$StringHttpMessageConverterConfiguration,stringHttpMessageConverter,spring.http.encoding-org.springframework.boot.autoconfigure.http.HttpEncodingProperties,org.springframework.boot.autoconfigure.http.JacksonHttpMessageConvertersConfiguration$MappingJackson2HttpMessageConverterConfiguration,mappingJackson2HttpMessageConverter,org.springframework.boot.autoconfigure.http.JacksonHttpMessageConvertersConfiguration,org.springframework.boot.autoconfigure.http.HttpMessageConvertersAutoConfiguration,messageConverters,org.springframework.boot.autoconfigure.http.codec.CodecsAutoConfiguration$JacksonCodecConfiguration,jacksonCodecCustomizer,org.springframework.boot.autoconfigure.http.codec.CodecsAutoConfiguration,org.springframework.boot.autoconfigure.info.ProjectInfoAutoConfiguration,spring.info-org.springframework.boot.autoconfigure.info.ProjectInfoProperties,org.springframework.boot.autoconfigure.security.reactive.ReactiveSecurityAutoConfiguration,spring.security-org.springframework.boot.autoconfigure.security.SecurityProperties,org.springframework.boot.autoconfigure.web.client.RestTemplateAutoConfiguration,restTemplateBuilder,org.springframework.boot.autoconfigure.web.embedded.EmbeddedWebServerFactoryCustomizerAutoConfiguration$TomcatWebServerFactoryCustomizerConfiguration,tomcatWebServerFactoryCustomizer,org.springframework.boot.autoconfigure.web.embedded.EmbeddedWebServerFactoryCustomizerAutoConfiguration,org.springframework.boot.autoconfigure.web.servlet.HttpEncodingAutoConfiguration,characterEncodingFilter,localeCharsetMappingsCustomizer,org.springframework.boot.autoconfigure.web.servlet.MultipartAutoConfiguration,multipartConfigElement,multipartResolver,spring.servlet.multipart-org.springframework.boot.autoconfigure.web.servlet.MultipartProperties]; root of factory hierarchy
06:27:45.921 [Thread-5] DEBUG org.springframework.beans.factory.support.DisposableBeanAdapter - Invoking destroy() on bean with name 'characterEncodingFilter'
06:27:45.922 [Thread-5] DEBUG org.springframework.beans.factory.support.DisposableBeanAdapter - Invoking destroy() on bean with name 'mbeanExporter'
06:27:45.922 [Thread-5] INFO org.springframework.jmx.export.annotation.AnnotationMBeanExporter - Unregistering JMX-exposed beans on shutdown
06:27:45.922 [Thread-5] DEBUG org.springframework.beans.factory.support.DisposableBeanAdapter - Invoking destroy() on bean with name 'httpPutFormContentFilter'
06:27:45.922 [Thread-5] DEBUG org.springframework.beans.factory.support.DisposableBeanAdapter - Invoking destroy() on bean with name 'hiddenHttpMethodFilter'
06:27:45.924 [Thread-5] DEBUG org.springframework.beans.factory.support.DisposableBeanAdapter - Invoking destroy() on bean with name 'requestContextFilter'
06:27:45.925 [Thread-5] DEBUG org.springframework.beans.factory.support.DefaultListableBeanFactory - Retrieved dependent beans for bean 'mvcResourceUrlProvider': [requestMappingHandlerMapping]
06:27:45.926 [Thread-5] DEBUG org.springframework.beans.factory.support.DefaultListableBeanFactory - Retrieved dependent beans for bean 'mvcValidator': [requestMappingHandlerAdapter]
06:27:45.926 [Thread-5] DEBUG org.springframework.beans.factory.support.DefaultListableBeanFactory - Retrieved dependent beans for bean 'requestMappingHandlerAdapter': [mvcUriComponentsContributor]
06:27:45.927 [Thread-5] DEBUG org.springframework.beans.factory.support.DisposableBeanAdapter - Invoking destroy() on bean with name 'mvcValidator'
06:27:45.927 [Thread-5] DEBUG org.springframework.beans.factory.support.DisposableBeanAdapter - Invoking destroy() on bean with name 'defaultValidator'

BUILD SUCCESSFUL in 30s
5 actionable tasks: 5 executed
[Handson-010@handson-client cowweb-for-wercker-demo]$ ls ./build/libs
cowweb-1.0.jar
[Handson-010@handson-client cowweb-for-wercker-demo]$ java -jar ./build/libs/cowweb-1.0.jar

  .   ____          _            __ _ _
 /\\ / ___'_ __ _ _(_)_ __  __ _ \ \ \ \
( ( )\___ | '_ | '_| | '_ \/ _` | \ \ \ \
 \\/  ___)| |_)| | | | | || (_| |  ) ) ) )
  '  |____| .__|_| |_|_| |_\__, | / / / /
 =========|_|==============|___/=/_/_/_/
 :: Spring Boot ::        (v2.0.2.RELEASE)

2019-05-29 06:28:11.748  INFO 5845 --- [           main] com.oracle.jp.cowweb.Application         : Starting Application on handson-client.sub05280603390.handsonclientvc.oraclevcn.com with PID 5845 (/home/Handson-010/cowweb-for-wercker-demo/build/libs/cowweb-1.0.jar started by Handson-010 in /home/Handson-010/cowweb-for-wercker-demo)
2019-05-29 06:28:11.754  INFO 5845 --- [           main] com.oracle.jp.cowweb.Application         : No active profile set, falling back to default profiles: default
2019-05-29 06:28:11.873  INFO 5845 --- [           main] ConfigServletWebServerApplicationContext : Refreshing org.springframework.boot.web.servlet.context.AnnotationConfigServletWebServerApplicationContext@555590: startup date [Wed May 29 06:28:11 GMT 2019]; root of context hierarchy
2019-05-29 06:28:13.230  INFO 5845 --- [           main] f.a.AutowiredAnnotationBeanPostProcessor : JSR-330 'javax.inject.Inject' annotation found and supported for autowiring
2019-05-29 06:28:13.805  INFO 5845 --- [           main] o.s.b.w.embedded.tomcat.TomcatWebServer  : Tomcat initialized with port(s): 8080 (http)
2019-05-29 06:28:13.855  INFO 5845 --- [           main] o.apache.catalina.core.StandardService   : Starting service [Tomcat]
2019-05-29 06:28:13.856  INFO 5845 --- [           main] org.apache.catalina.core.StandardEngine  : Starting Servlet Engine: Apache Tomcat/8.5.31
2019-05-29 06:28:13.876  INFO 5845 --- [ost-startStop-1] o.a.catalina.core.AprLifecycleListener   : The APR based Apache Tomcat Native library which allows optimal performance in production environments was not found on the java.library.path: [/usr/java/packages/lib/amd64:/usr/lib64:/lib64:/lib:/usr/lib]
2019-05-29 06:28:14.009  INFO 5845 --- [ost-startStop-1] o.a.c.c.C.[Tomcat].[localhost].[/]       : Initializing Spring embedded WebApplicationContext
2019-05-29 06:28:14.010  INFO 5845 --- [ost-startStop-1] o.s.web.context.ContextLoader            : Root WebApplicationContext: initialization completed in 2142 ms
2019-05-29 06:28:14.188  INFO 5845 --- [ost-startStop-1] o.s.b.w.servlet.ServletRegistrationBean  : Servlet dispatcherServlet mapped to [/]
2019-05-29 06:28:14.194  INFO 5845 --- [ost-startStop-1] o.s.b.w.servlet.FilterRegistrationBean   : Mapping filter: 'characterEncodingFilter' to: [/*]
2019-05-29 06:28:14.195  INFO 5845 --- [ost-startStop-1] o.s.b.w.servlet.FilterRegistrationBean   : Mapping filter: 'hiddenHttpMethodFilter' to: [/*]
2019-05-29 06:28:14.195  INFO 5845 --- [ost-startStop-1] o.s.b.w.servlet.FilterRegistrationBean   : Mapping filter: 'httpPutFormContentFilter' to: [/*]
2019-05-29 06:28:14.195  INFO 5845 --- [ost-startStop-1] o.s.b.w.servlet.FilterRegistrationBean   : Mapping filter: 'requestContextFilter' to: [/*]
2019-05-29 06:28:14.429  INFO 5845 --- [           main] o.s.w.s.handler.SimpleUrlHandlerMapping  : Mapped URL path [/**/favicon.ico] onto handler of type [class org.springframework.web.servlet.resource.ResourceHttpRequestHandler]
2019-05-29 06:28:14.785  INFO 5845 --- [           main] s.w.s.m.m.a.RequestMappingHandlerAdapter : Looking for @ControllerAdvice: org.springframework.boot.web.servlet.context.AnnotationConfigServletWebServerApplicationContext@555590: startup date [Wed May 29 06:28:11 GMT 2019]; root of context hierarchy
2019-05-29 06:28:14.895  INFO 5845 --- [           main] s.w.s.m.m.a.RequestMappingHandlerMapping : Mapped "{[/cowsay/think]}" onto public java.lang.String com.oracle.jp.cowweb.CowsayController.think(java.util.Optional<java.lang.String>)
2019-05-29 06:28:14.896  INFO 5845 --- [           main] s.w.s.m.m.a.RequestMappingHandlerMapping : Mapped "{[/cowsay/ping]}" onto public java.lang.String com.oracle.jp.cowweb.CowsayController.ping()
2019-05-29 06:28:14.897  INFO 5845 --- [           main] s.w.s.m.m.a.RequestMappingHandlerMapping : Mapped "{[/cowsay/say]}" onto public java.lang.String com.oracle.jp.cowweb.CowsayController.say(java.util.Optional<java.lang.String>)
2019-05-29 06:28:14.903  INFO 5845 --- [           main] s.w.s.m.m.a.RequestMappingHandlerMapping : Mapped "{[/error],produces=[text/html]}" onto public org.springframework.web.servlet.ModelAndView org.springframework.boot.autoconfigure.web.servlet.error.BasicErrorController.errorHtml(javax.servlet.http.HttpServletRequest,javax.servlet.http.HttpServletResponse)
2019-05-29 06:28:14.904  INFO 5845 --- [           main] s.w.s.m.m.a.RequestMappingHandlerMapping : Mapped "{[/error]}" onto public org.springframework.http.ResponseEntity<java.util.Map<java.lang.String, java.lang.Object>> org.springframework.boot.autoconfigure.web.servlet.error.BasicErrorController.error(javax.servlet.http.HttpServletRequest)
2019-05-29 06:28:14.947  INFO 5845 --- [           main] o.s.w.s.handler.SimpleUrlHandlerMapping  : Mapped URL path [/webjars/**] onto handler of type [class org.springframework.web.servlet.resource.ResourceHttpRequestHandler]
2019-05-29 06:28:14.947  INFO 5845 --- [           main] o.s.w.s.handler.SimpleUrlHandlerMapping  : Mapped URL path [/**] onto handler of type [class org.springframework.web.servlet.resource.ResourceHttpRequestHandler]
2019-05-29 06:28:15.205  INFO 5845 --- [           main] o.s.j.e.a.AnnotationMBeanExporter        : Registering beans for JMX exposure on startup
2019-05-29 06:28:15.244 ERROR 5845 --- [           main] o.apache.catalina.core.StandardService   : Failed to start connector [Connector[HTTP/1.1-8080]]

org.apache.catalina.LifecycleException: Failed to start component [Connector[HTTP/1.1-8080]]
        at org.apache.catalina.util.LifecycleBase.start(LifecycleBase.java:167) ~[tomcat-embed-core-8.5.31.jar!/:8.5.31]
        at org.apache.catalina.core.StandardService.addConnector(StandardService.java:225) ~[tomcat-embed-core-8.5.31.jar!/:8.5.31]
        at org.springframework.boot.web.embedded.tomcat.TomcatWebServer.addPreviouslyRemovedConnectors(TomcatWebServer.java:256) [spring-boot-2.0.2.RELEASE.jar!/:2.0.2.RELEASE]
        at org.springframework.boot.web.embedded.tomcat.TomcatWebServer.start(TomcatWebServer.java:198) [spring-boot-2.0.2.RELEASE.jar!/:2.0.2.RELEASE]
        at org.springframework.boot.web.servlet.context.ServletWebServerApplicationContext.startWebServer(ServletWebServerApplicationContext.java:300) [spring-boot-2.0.2.RELEASE.jar!/:2.0.2.RELEASE]
        at org.springframework.boot.web.servlet.context.ServletWebServerApplicationContext.finishRefresh(ServletWebServerApplicationContext.java:162) [spring-boot-2.0.2.RELEASE.jar!/:2.0.2.RELEASE]
        at org.springframework.context.support.AbstractApplicationContext.refresh(AbstractApplicationContext.java:553) [spring-context-5.0.6.RELEASE.jar!/:5.0.6.RELEASE]
        at org.springframework.boot.web.servlet.context.ServletWebServerApplicationContext.refresh(ServletWebServerApplicationContext.java:140) [spring-boot-2.0.2.RELEASE.jar!/:2.0.2.RELEASE]
        at org.springframework.boot.SpringApplication.refresh(SpringApplication.java:759) [spring-boot-2.0.2.RELEASE.jar!/:2.0.2.RELEASE]
        at org.springframework.boot.SpringApplication.refreshContext(SpringApplication.java:395) [spring-boot-2.0.2.RELEASE.jar!/:2.0.2.RELEASE]
        at org.springframework.boot.SpringApplication.run(SpringApplication.java:327) [spring-boot-2.0.2.RELEASE.jar!/:2.0.2.RELEASE]
        at org.springframework.boot.SpringApplication.run(SpringApplication.java:1255) [spring-boot-2.0.2.RELEASE.jar!/:2.0.2.RELEASE]
        at org.springframework.boot.SpringApplication.run(SpringApplication.java:1243) [spring-boot-2.0.2.RELEASE.jar!/:2.0.2.RELEASE]
        at com.oracle.jp.cowweb.Application.main(Application.java:10) [classes!/:na]
        at sun.reflect.NativeMethodAccessorImpl.invoke0(Native Method) ~[na:1.8.0_212]
        at sun.reflect.NativeMethodAccessorImpl.invoke(NativeMethodAccessorImpl.java:62) ~[na:1.8.0_212]
        at sun.reflect.DelegatingMethodAccessorImpl.invoke(DelegatingMethodAccessorImpl.java:43) ~[na:1.8.0_212]
        at java.lang.reflect.Method.invoke(Method.java:498) ~[na:1.8.0_212]
        at org.springframework.boot.loader.MainMethodRunner.run(MainMethodRunner.java:48) [cowweb-1.0.jar:na]
        at org.springframework.boot.loader.Launcher.launch(Launcher.java:87) [cowweb-1.0.jar:na]
        at org.springframework.boot.loader.Launcher.launch(Launcher.java:50) [cowweb-1.0.jar:na]
        at org.springframework.boot.loader.JarLauncher.main(JarLauncher.java:51) [cowweb-1.0.jar:na]
Caused by: org.apache.catalina.LifecycleException: Protocol handler start failed
        at org.apache.catalina.connector.Connector.startInternal(Connector.java:1020) ~[tomcat-embed-core-8.5.31.jar!/:8.5.31]
        at org.apache.catalina.util.LifecycleBase.start(LifecycleBase.java:150) ~[tomcat-embed-core-8.5.31.jar!/:8.5.31]
        ... 21 common frames omitted
Caused by: java.net.BindException: Address already in use
        at sun.nio.ch.Net.bind0(Native Method) ~[na:1.8.0_212]
        at sun.nio.ch.Net.bind(Net.java:433) ~[na:1.8.0_212]
        at sun.nio.ch.Net.bind(Net.java:425) ~[na:1.8.0_212]
        at sun.nio.ch.ServerSocketChannelImpl.bind(ServerSocketChannelImpl.java:223) ~[na:1.8.0_212]
        at sun.nio.ch.ServerSocketAdaptor.bind(ServerSocketAdaptor.java:74) ~[na:1.8.0_212]
        at org.apache.tomcat.util.net.NioEndpoint.bind(NioEndpoint.java:210) ~[tomcat-embed-core-8.5.31.jar!/:8.5.31]
        at org.apache.tomcat.util.net.AbstractEndpoint.start(AbstractEndpoint.java:1150) ~[tomcat-embed-core-8.5.31.jar!/:8.5.31]
        at org.apache.coyote.AbstractProtocol.start(AbstractProtocol.java:591) ~[tomcat-embed-core-8.5.31.jar!/:8.5.31]
        at org.apache.catalina.connector.Connector.startInternal(Connector.java:1018) ~[tomcat-embed-core-8.5.31.jar!/:8.5.31]
        ... 22 common frames omitted

2019-05-29 06:28:15.248  INFO 5845 --- [           main] o.apache.catalina.core.StandardService   : Stopping service [Tomcat]
2019-05-29 06:28:15.269  INFO 5845 --- [           main] ConditionEvaluationReportLoggingListener :

Error starting ApplicationContext. To display the conditions report re-run your application with 'debug' enabled.
2019-05-29 06:28:15.272 ERROR 5845 --- [           main] o.s.b.d.LoggingFailureAnalysisReporter   :

***************************
APPLICATION FAILED TO START
***************************

Description:

The Tomcat connector configured to listen on port 8080 failed to start. The port may already be in use or the connector may be misconfigured.

Action:

Verify the connector's configuration, identify and stop any process that's listening on port 8080, or configure this application to listen on another port.

2019-05-29 06:28:15.274  INFO 5845 --- [           main] ConfigServletWebServerApplicationContext : Closing org.springframework.boot.web.servlet.context.AnnotationConfigServletWebServerApplicationContext@555590: startup date [Wed May 29 06:28:11 GMT 2019]; root of context hierarchy
2019-05-29 06:28:15.276  INFO 5845 --- [           main] o.s.j.e.a.AnnotationMBeanExporter        : Unregistering JMX-exposed beans on shutdown
[Handson-010@handson-client cowweb-for-wercker-demo]$ netstat -an
Active Internet connections (servers and established)
Proto Recv-Q Send-Q Local Address           Foreign Address         State
tcp        0      0 0.0.0.0:33349           0.0.0.0:*               LISTEN
tcp        0      0 0.0.0.0:35755           0.0.0.0:*               LISTEN
tcp        0      0 0.0.0.0:9900            0.0.0.0:*               LISTEN
tcp        0      0 0.0.0.0:33997           0.0.0.0:*               LISTEN
tcp        0      0 0.0.0.0:45199           0.0.0.0:*               LISTEN
tcp        0      0 0.0.0.0:46383           0.0.0.0:*               LISTEN
tcp        0      0 0.0.0.0:111             0.0.0.0:*               LISTEN
tcp        0      0 0.0.0.0:8080            0.0.0.0:*               LISTEN
tcp        0      0 0.0.0.0:38545           0.0.0.0:*               LISTEN
tcp        0      0 0.0.0.0:22              0.0.0.0:*               LISTEN
tcp        0      0 0.0.0.0:40025           0.0.0.0:*               LISTEN
tcp        0      0 0.0.0.0:46715           0.0.0.0:*               LISTEN
tcp        0      0 0.0.0.0:40125           0.0.0.0:*               LISTEN
tcp        0      0 0.0.0.0:44351           0.0.0.0:*               LISTEN
tcp        0      0 0.0.0.0:8993            0.0.0.0:*               LISTEN
tcp        0      0 0.0.0.0:36833           0.0.0.0:*               LISTEN
tcp       32      0 10.0.0.2:51910          151.101.200.215:443     CLOSE_WAIT
tcp       32      0 10.0.0.2:51888          151.101.200.215:443     CLOSE_WAIT
tcp        0      0 10.0.0.2:22             202.45.129.203:51738    ESTABLISHED
tcp        0      0 10.0.0.2:52422          151.101.200.215:443     ESTABLISHED
tcp        0      0 10.0.0.2:60338          151.101.248.215:443     ESTABLISHED
tcp       32      0 10.0.0.2:51914          151.101.200.215:443     CLOSE_WAIT
tcp        0      0 10.0.0.2:52232          151.101.200.215:443     ESTABLISHED
tcp        0      0 10.0.0.2:52310          151.101.200.215:443     ESTABLISHED
tcp        0      0 10.0.0.2:52642          151.101.200.215:443     ESTABLISHED
tcp        0      0 10.0.0.2:52138          151.101.200.215:443     ESTABLISHED
tcp        0    768 10.0.0.2:22             202.45.129.204:50280    ESTABLISHED
tcp        0      0 10.0.0.2:22             202.45.129.205:51394    ESTABLISHED
tcp        0      0 10.0.0.2:52426          151.101.200.215:443     ESTABLISHED
tcp       32      0 10.0.0.2:51936          151.101.200.215:443     CLOSE_WAIT
tcp        0      0 10.0.0.2:44620          104.18.190.9:443        TIME_WAIT
tcp        0      0 10.0.0.2:52202          151.101.200.215:443     ESTABLISHED
tcp        0      0 10.0.0.2:52576          151.101.200.215:443     ESTABLISHED
tcp        0      0 10.0.0.2:60566          104.18.191.9:443        TIME_WAIT
tcp       32      0 10.0.0.2:51916          151.101.200.215:443     CLOSE_WAIT
tcp        0      0 10.0.0.2:52558          151.101.200.215:443     ESTABLISHED
tcp        0      0 10.0.0.2:60390          151.101.248.215:443     ESTABLISHED
tcp        0      0 10.0.0.2:52406          151.101.200.215:443     ESTABLISHED
tcp       32      0 10.0.0.2:51886          151.101.200.215:443     CLOSE_WAIT
tcp       32      0 10.0.0.2:45308          129.213.4.156:443       CLOSE_WAIT
tcp       32      0 10.0.0.2:51912          151.101.200.215:443     CLOSE_WAIT
tcp        0      0 127.0.0.1:39010         127.0.0.1:45199         TIME_WAIT
tcp        0      0 10.0.0.2:52270          151.101.200.215:443     ESTABLISHED
tcp        0      0 10.0.0.2:52312          151.101.200.215:443     ESTABLISHED
tcp        0      0 10.0.0.2:22             202.45.129.201:49975    ESTABLISHED
tcp        0      0 10.0.0.2:52216          151.101.200.215:443     ESTABLISHED
tcp       32      0 10.0.0.2:59710          151.101.248.215:443     CLOSE_WAIT
tcp        0      0 10.0.0.2:60352          151.101.248.215:443     ESTABLISHED
tcp        0      0 10.0.0.2:22             202.45.129.205:59427    ESTABLISHED
tcp        0      0 10.0.0.2:52448          151.101.200.215:443     ESTABLISHED
tcp        0      0 10.0.0.2:60354          151.101.248.215:443     ESTABLISHED
tcp        0      0 10.0.0.2:52326          151.101.200.215:443     ESTABLISHED
tcp        0      0 10.0.0.2:52286          151.101.200.215:443     ESTABLISHED
tcp       32      0 10.0.0.2:51924          151.101.200.215:443     CLOSE_WAIT
tcp        0      0 10.0.0.2:52212          151.101.200.215:443     ESTABLISHED
tcp        0      0 10.0.0.2:60342          151.101.248.215:443     ESTABLISHED
tcp        0      0 10.0.0.2:52324          151.101.200.215:443     ESTABLISHED
tcp        1      0 10.0.0.2:51226          169.254.169.254:80      CLOSE_WAIT
tcp        0      0 10.0.0.2:60358          151.101.248.215:443     ESTABLISHED
tcp        0      0 10.0.0.2:52620          151.101.200.215:443     ESTABLISHED
tcp        0      0 10.0.0.2:52578          151.101.200.215:443     ESTABLISHED
tcp       32      0 10.0.0.2:51890          151.101.200.215:443     CLOSE_WAIT
tcp        0      0 10.0.0.2:52142          151.101.200.215:443     ESTABLISHED
tcp        0      0 10.0.0.2:52560          151.101.200.215:443     ESTABLISHED
tcp       32      0 10.0.0.2:51940          151.101.200.215:443     CLOSE_WAIT
tcp        0      0 10.0.0.2:52632          151.101.200.215:443     ESTABLISHED
tcp        0      0 10.0.0.2:60394          151.101.248.215:443     ESTABLISHED
tcp        0      0 10.0.0.2:52410          151.101.200.215:443     ESTABLISHED
tcp        0      0 10.0.0.2:52566          151.101.200.215:443     ESTABLISHED
tcp        0      0 10.0.0.2:22             202.45.129.204:51718    ESTABLISHED
tcp        0   5840 10.0.0.2:22             202.45.129.201:52466    ESTABLISHED
tcp        0      0 10.0.0.2:60396          151.101.248.215:443     ESTABLISHED
tcp        0      0 10.0.0.2:52420          151.101.200.215:443     ESTABLISHED
tcp        0      0 10.0.0.2:52162          151.101.200.215:443     ESTABLISHED
tcp        0      0 10.0.0.2:60378          151.101.248.215:443     ESTABLISHED
tcp        0      0 10.0.0.2:60376          151.101.248.215:443     ESTABLISHED
tcp        0      0 10.0.0.2:52314          151.101.200.215:443     ESTABLISHED
tcp        0      0 10.0.0.2:38292          140.91.12.7:443         TIME_WAIT
tcp        0      0 10.0.0.2:52574          151.101.200.215:443     ESTABLISHED
tcp        0      0 10.0.0.2:22             202.45.129.202:49970    ESTABLISHED
tcp        0      0 10.0.0.2:52230          151.101.200.215:443     ESTABLISHED
tcp        0      0 10.0.0.2:52228          151.101.200.215:443     ESTABLISHED
tcp        0      0 10.0.0.2:52424          151.101.200.215:443     ESTABLISHED
tcp        0      0 10.0.0.2:60366          151.101.248.215:443     ESTABLISHED
tcp        0      0 10.0.0.2:52644          151.101.200.215:443     ESTABLISHED
tcp        0      0 10.0.0.2:51376          192.30.255.112:443      ESTABLISHED
tcp        0      0 10.0.0.2:52204          151.101.200.215:443     ESTABLISHED
tcp       32      0 10.0.0.2:51922          151.101.200.215:443     CLOSE_WAIT
tcp        1      0 10.0.0.2:50548          169.254.169.254:80      CLOSE_WAIT
tcp        0      0 10.0.0.2:52340          151.101.200.215:443     ESTABLISHED
tcp        0      0 10.0.0.2:60392          151.101.248.215:443     ESTABLISHED
tcp       32      0 10.0.0.2:59704          151.101.248.215:443     CLOSE_WAIT
tcp        0      0 10.0.0.2:52416          151.101.200.215:443     ESTABLISHED
tcp        0      0 10.0.0.2:60368          151.101.248.215:443     ESTABLISHED
tcp        0      0 10.0.0.2:60364          151.101.248.215:443     ESTABLISHED
tcp        0      0 10.0.0.2:52442          151.101.200.215:443     ESTABLISHED
tcp        0      0 10.0.0.2:52622          151.101.200.215:443     ESTABLISHED
tcp        0      0 10.0.0.2:52446          151.101.200.215:443     ESTABLISHED
tcp        0      0 10.0.0.2:60336          151.101.248.215:443     ESTABLISHED
tcp        0      0 10.0.0.2:60350          151.101.248.215:443     ESTABLISHED
tcp        0      0 10.0.0.2:52568          151.101.200.215:443     ESTABLISHED
tcp       32      0 10.0.0.2:51906          151.101.200.215:443     CLOSE_WAIT
tcp        0      0 10.0.0.2:43892          140.91.14.5:443         TIME_WAIT
tcp        0      0 10.0.0.2:52272          151.101.200.215:443     ESTABLISHED
tcp        0      0 10.0.0.2:52554          151.101.200.215:443     ESTABLISHED
tcp        0      0 10.0.0.2:52160          151.101.200.215:443     ESTABLISHED
tcp       32      0 10.0.0.2:51892          151.101.200.215:443     CLOSE_WAIT
tcp        0      0 10.0.0.2:52210          151.101.200.215:443     ESTABLISHED
tcp        0      0 10.0.0.2:22             202.45.129.206:51763    ESTABLISHED
tcp        0      0 10.0.0.2:52330          151.101.200.215:443     ESTABLISHED
tcp        0      0 10.0.0.2:52150          151.101.200.215:443     ESTABLISHED
tcp        0      0 10.0.0.2:52148          151.101.200.215:443     ESTABLISHED
tcp        0      0 10.0.0.2:52268          151.101.200.215:443     ESTABLISHED
tcp        0      0 10.0.0.2:52640          151.101.200.215:443     ESTABLISHED
tcp        0      0 10.0.0.2:52428          151.101.200.215:443     ESTABLISHED
tcp        0      0 10.0.0.2:22             202.45.129.202:49964    ESTABLISHED
tcp        0      0 10.0.0.2:52338          151.101.200.215:443     ESTABLISHED
tcp        0      0 10.0.0.2:52164          151.101.200.215:443     ESTABLISHED
tcp        0      0 10.0.0.2:52626          151.101.200.215:443     ESTABLISHED
tcp        0      0 10.0.0.2:52308          151.101.200.215:443     ESTABLISHED
tcp        0      0 10.0.0.2:52556          151.101.200.215:443     ESTABLISHED
tcp        1      0 10.0.0.2:51228          169.254.169.254:80      CLOSE_WAIT
tcp        1      0 10.0.0.2:50546          169.254.169.254:80      CLOSE_WAIT
tcp        0      0 10.0.0.2:52226          151.101.200.215:443     ESTABLISHED
tcp        0      0 10.0.0.2:60340          151.101.248.215:443     ESTABLISHED
tcp        0      0 10.0.0.2:52140          151.101.200.215:443     ESTABLISHED
tcp       32      0 10.0.0.2:51900          151.101.200.215:443     CLOSE_WAIT
tcp        0      0 10.0.0.2:51478          169.254.169.254:80      TIME_WAIT
tcp       32      0 10.0.0.2:51938          151.101.200.215:443     CLOSE_WAIT
tcp        0      0 10.0.0.2:52440          151.101.200.215:443     ESTABLISHED
tcp        0      0 10.0.0.2:52282          151.101.200.215:443     ESTABLISHED
tcp        0      0 10.0.0.2:52414          151.101.200.215:443     ESTABLISHED
tcp        0      0 10.0.0.2:52306          151.101.200.215:443     ESTABLISHED
tcp       32      0 10.0.0.2:51942          151.101.200.215:443     CLOSE_WAIT
tcp        0      0 10.0.0.2:52206          151.101.200.215:443     ESTABLISHED
tcp        0      0 10.0.0.2:38300          140.91.12.7:443         TIME_WAIT
tcp        0      0 10.0.0.2:52350          151.101.200.215:443     ESTABLISHED
tcp       32      0 10.0.0.2:59706          151.101.248.215:443     CLOSE_WAIT
tcp        0      0 10.0.0.2:52328          151.101.200.215:443     ESTABLISHED
tcp        0      0 10.0.0.2:52146          151.101.200.215:443     ESTABLISHED
tcp        0      0 10.0.0.2:52618          151.101.200.215:443     ESTABLISHED
tcp        0      0 10.0.0.2:52408          151.101.200.215:443     ESTABLISHED
tcp       32      0 10.0.0.2:51904          151.101.200.215:443     CLOSE_WAIT
tcp        0      0 10.0.0.2:52616          151.101.200.215:443     ESTABLISHED
tcp       32      0 10.0.0.2:51918          151.101.200.215:443     CLOSE_WAIT
tcp        0      0 10.0.0.2:52288          151.101.200.215:443     ESTABLISHED
tcp        0      0 10.0.0.2:22             202.45.129.205:51436    ESTABLISHED
tcp        0      0 10.0.0.2:22             202.45.129.202:50394    ESTABLISHED
tcp       32      0 10.0.0.2:51902          151.101.200.215:443     CLOSE_WAIT
tcp        0      0 10.0.0.2:56578          140.91.10.15:443        TIME_WAIT
tcp        0      0 10.0.0.2:52342          151.101.200.215:443     ESTABLISHED
tcp        0      0 10.0.0.2:60374          151.101.248.215:443     ESTABLISHED
tcp        0      0 10.0.0.2:22             202.45.129.206:50218    ESTABLISHED
tcp        0      0 10.0.0.2:52284          151.101.200.215:443     ESTABLISHED
tcp       32      0 10.0.0.2:59708          151.101.248.215:443     CLOSE_WAIT
tcp       32      0 10.0.0.2:51920          151.101.200.215:443     CLOSE_WAIT
tcp        0      0 10.0.0.2:52214          151.101.200.215:443     ESTABLISHED
tcp        0      0 10.0.0.2:52316          151.101.200.215:443     ESTABLISHED
tcp        0      0 10.0.0.2:60356          151.101.248.215:443     ESTABLISHED
tcp        0      0 10.0.0.2:43882          140.91.14.5:443         TIME_WAIT
tcp        0      0 10.0.0.2:52266          151.101.200.215:443     ESTABLISHED
tcp        0      0 10.0.0.2:52638          151.101.200.215:443     ESTABLISHED
tcp        0      0 10.0.0.2:52166          151.101.200.215:443     ESTABLISHED
tcp        0      0 10.0.0.2:22             202.45.129.206:52064    ESTABLISHED
tcp        0      0 10.0.0.2:52624          151.101.200.215:443     ESTABLISHED
tcp        0      0 10.0.0.2:52208          151.101.200.215:443     ESTABLISHED
tcp        0      0 127.0.0.1:33666         127.0.0.1:41065         TIME_WAIT
tcp        0      0 10.0.0.2:52418          151.101.200.215:443     ESTABLISHED
tcp        0      0 10.0.0.2:52630          151.101.200.215:443     ESTABLISHED
tcp       32      0 10.0.0.2:44628          129.213.4.156:443       CLOSE_WAIT
tcp        0      0 10.0.0.2:52564          151.101.200.215:443     ESTABLISHED
tcp        0      0 10.0.0.2:52404          151.101.200.215:443     ESTABLISHED
tcp        0      0 10.0.0.2:60380          151.101.248.215:443     ESTABLISHED
tcp        0      0 10.0.0.2:52580          151.101.200.215:443     ESTABLISHED
tcp        0      0 10.0.0.2:52562          151.101.200.215:443     ESTABLISHED
tcp        0      0 10.0.0.2:22             202.45.129.205:59370    ESTABLISHED
tcp        0      0 10.0.0.2:52136          151.101.200.215:443     ESTABLISHED
tcp        0      0 10.0.0.2:43902          140.91.14.5:443         TIME_WAIT
tcp        0      0 10.0.0.2:52304          151.101.200.215:443     ESTABLISHED
tcp        0      0 10.0.0.2:52152          151.101.200.215:443     ESTABLISHED
tcp        0      0 10.0.0.2:22             202.45.129.204:50024    ESTABLISHED
tcp        0      0 10.0.0.2:52318          151.101.200.215:443     ESTABLISHED
tcp6       0      0 :::111                  :::*                    LISTEN
tcp6       0      0 :::22                   :::*                    LISTEN
udp        0      0 0.0.0.0:35892           0.0.0.0:*
udp        0      0 0.0.0.0:60695           0.0.0.0:*
udp        0      0 0.0.0.0:60752           0.0.0.0:*
udp        0      0 0.0.0.0:52601           0.0.0.0:*
udp        0      0 0.0.0.0:53617           0.0.0.0:*
udp        0      0 0.0.0.0:46121           0.0.0.0:*
udp        0      0 0.0.0.0:55755           0.0.0.0:*
udp        0      0 0.0.0.0:56640           0.0.0.0:*
udp        0      0 0.0.0.0:40740           0.0.0.0:*
udp        0      0 0.0.0.0:68              0.0.0.0:*
udp        0      0 0.0.0.0:111             0.0.0.0:*
udp        0      0 127.0.0.1:323           0.0.0.0:*
udp        0      0 0.0.0.0:723             0.0.0.0:*
udp        0      0 0.0.0.0:33890           0.0.0.0:*
udp        0      0 0.0.0.0:50714           0.0.0.0:*
udp6       0      0 :::111                  :::*
udp6       0      0 ::1:323                 :::*
udp6       0      0 :::723                  :::*
Active UNIX domain sockets (servers and established)
Proto RefCnt Flags       Type       State         I-Node   Path
unix  2      [ ACC ]     STREAM     LISTENING     18183    /run/systemd/private
unix  2      [ ACC ]     SEQPACKET  LISTENING     18195    /run/udev/control
unix  2      [ ACC ]     STREAM     LISTENING     29513    /var/lib/gssproxy/default.sock
unix  2      [ ]         DGRAM                    18212    /run/systemd/shutdownd
unix  2      [ ACC ]     STREAM     LISTENING     18219    /run/lvm/lvmpolld.socket
unix  2      [ ACC ]     STREAM     LISTENING     29514    /run/gssproxy.sock
unix  2      [ ACC ]     STREAM     LISTENING     28608    @ISCSID_UIP_ABSTRACT_NAMESPACE
unix  3      [ ]         DGRAM                    75       /run/systemd/notify
unix  2      [ ]         DGRAM                    77       /run/systemd/cgroups-agent
unix  2      [ ACC ]     STREAM     LISTENING     89       /run/systemd/journal/stdout
unix  6      [ ]         DGRAM                    92       /run/systemd/journal/socket
unix  28     [ ]         DGRAM                    94       /dev/log
unix  2      [ ACC ]     STREAM     LISTENING     47976    /var/run/docker/metrics.sock
unix  2      [ ACC ]     STREAM     LISTENING     27496    /var/run/lsm/ipc/sim
unix  2      [ ACC ]     STREAM     LISTENING     27498    /var/run/lsm/ipc/simc
unix  2      [ ACC ]     STREAM     LISTENING     48016    /run/docker/libnetwork/5cc4d7855dccd11c12fdd17cc7df77df8430319581b277b8da54bf73a42740cb.sock
unix  2      [ ACC ]     STREAM     LISTENING     48804    /var/run/docker.sock
unix  2      [ ACC ]     STREAM     LISTENING     21668    /run/lvm/lvmetad.socket
unix  2      [ ]         DGRAM                    29875    /var/run/chrony/chronyd.sock
unix  2      [ ACC ]     STREAM     LISTENING     48822    /run/containerd/containerd.sock
unix  2      [ ACC ]     STREAM     LISTENING     28604    /var/run/rpcbind.sock
unix  2      [ ACC ]     STREAM     LISTENING     26343    @ISCSIADM_ABSTRACT_NAMESPACE
unix  2      [ ACC ]     STREAM     LISTENING     28609    /run/dbus/system_bus_socket
unix  2      [ ACC ]     STREAM     LISTENING     29895    /var/run/abrt/abrt.socket
unix  3      [ ]         STREAM     CONNECTED     32434
unix  3      [ ]         STREAM     CONNECTED     29748    /run/systemd/journal/stdout
unix  3      [ ]         STREAM     CONNECTED     299864
unix  3      [ ]         STREAM     CONNECTED     23678
unix  2      [ ]         DGRAM                    22773
unix  3      [ ]         STREAM     CONNECTED     32941
unix  2      [ ]         DGRAM                    286021
unix  2      [ ]         DGRAM                    32435
unix  3      [ ]         STREAM     CONNECTED     21714    /run/systemd/journal/stdout
unix  2      [ ]         DGRAM                    299861
unix  3      [ ]         STREAM     CONNECTED     33199
unix  2      [ ]         DGRAM                    282766
unix  3      [ ]         STREAM     CONNECTED     29746    /run/systemd/journal/stdout
unix  3      [ ]         STREAM     CONNECTED     349856   /run/systemd/journal/stdout
unix  3      [ ]         STREAM     CONNECTED     31699    /run/systemd/journal/stdout
unix  3      [ ]         STREAM     CONNECTED     27178
unix  3      [ ]         STREAM     CONNECTED     31629    /run/systemd/journal/stdout
unix  3      [ ]         STREAM     CONNECTED     332769
unix  2      [ ]         DGRAM                    32028
unix  3      [ ]         STREAM     CONNECTED     27310
unix  3      [ ]         STREAM     CONNECTED     26400    /run/systemd/journal/stdout
unix  2      [ ]         DGRAM                    27177
unix  3      [ ]         STREAM     CONNECTED     32159    /run/dbus/system_bus_socket
unix  2      [ ]         STREAM     CONNECTED     303197
unix  3      [ ]         DGRAM                    23818
unix  2      [ ]         DGRAM                    32943
unix  3      [ ]         STREAM     CONNECTED     299865
unix  3      [ ]         STREAM     CONNECTED     282769
unix  3      [ ]         STREAM     CONNECTED     332768
unix  3      [ ]         DGRAM                    23817
unix  3      [ ]         STREAM     CONNECTED     282770
unix  3      [ ]         STREAM     CONNECTED     26510
unix  2      [ ]         STREAM     CONNECTED     282249
unix  2      [ ]         DGRAM                    22954
unix  3      [ ]         STREAM     CONNECTED     349855   /run/systemd/journal/stdout
unix  3      [ ]         STREAM     CONNECTED     27179
unix  3      [ ]         STREAM     CONNECTED     286025
unix  3      [ ]         STREAM     CONNECTED     26573    /run/systemd/journal/stdout
unix  3      [ ]         STREAM     CONNECTED     286024
unix  3      [ ]         STREAM     CONNECTED     26399
unix  2      [ ]         STREAM     CONNECTED     330654
unix  3      [ ]         STREAM     CONNECTED     29511
unix  2      [ ]         STREAM     CONNECTED     326171
unix  3      [ ]         STREAM     CONNECTED     327632
unix  3      [ ]         STREAM     CONNECTED     29046    /run/systemd/journal/stdout
unix  2      [ ]         STREAM     CONNECTED     306663
unix  3      [ ]         STREAM     CONNECTED     29081
unix  2      [ ]         STREAM     CONNECTED     317134
unix  2      [ ]         DGRAM                    34861
unix  2      [ ]         STREAM     CONNECTED     301350
unix  3      [ ]         STREAM     CONNECTED     34857    /run/systemd/journal/stdout
unix  2      [ ]         STREAM     CONNECTED     331206
unix  3      [ ]         STREAM     CONNECTED     47982
unix  2      [ ]         STREAM     CONNECTED     349723
unix  2      [ ]         DGRAM                    29509
unix  2      [ ]         DGRAM                    326242
unix  3      [ ]         STREAM     CONNECTED     30086    /run/dbus/system_bus_socket
unix  3      [ ]         STREAM     CONNECTED     49958    /run/containerd/containerd.sock
unix  3      [ ]         STREAM     CONNECTED     29743
unix  3      [ ]         STREAM     CONNECTED     326245
unix  2      [ ]         DGRAM                    327629
unix  2      [ ]         DGRAM                    317186
unix  3      [ ]         STREAM     CONNECTED     49942    /run/systemd/journal/stdout
unix  3      [ ]         STREAM     CONNECTED     21773
unix  3      [ ]         STREAM     CONNECTED     276079
unix  3      [ ]         STREAM     CONNECTED     317189
unix  2      [ ]         STREAM     CONNECTED     349866
unix  3      [ ]         STREAM     CONNECTED     27510    /run/dbus/system_bus_socket
unix  3      [ ]         STREAM     CONNECTED     317190
unix  3      [ ]         STREAM     CONNECTED     29512
unix  2      [ ]         STREAM     CONNECTED     330884
unix  3      [ ]         STREAM     CONNECTED     332771
unix  3      [ ]         STREAM     CONNECTED     349844
unix  2      [ ]         STREAM     CONNECTED     317137
unix  2      [ ]         DGRAM                    47928
unix  3      [ ]         STREAM     CONNECTED     349843
unix  3      [ ]         STREAM     CONNECTED     29190
unix  3      [ ]         STREAM     CONNECTED     34856
unix  2      [ ]         DGRAM                    276075
unix  2      [ ]         STREAM     CONNECTED     317313
unix  3      [ ]         STREAM     CONNECTED     47926
unix  3      [ ]         STREAM     CONNECTED     22946    /run/systemd/journal/stdout
unix  2      [ ]         DGRAM                    349840
unix  3      [ ]         STREAM     CONNECTED     327633
unix  3      [ ]         STREAM     CONNECTED     29402
unix  3      [ ]         STREAM     CONNECTED     326246
unix  3      [ ]         STREAM     CONNECTED     276078
unix  3      [ ]         STREAM     CONNECTED     50357    /run/dbus/system_bus_socket
unix  2      [ ]         DGRAM                    283310
unix  3      [ ]         STREAM     CONNECTED     325081
unix  3      [ ]         STREAM     CONNECTED     320323
unix  3      [ ]         STREAM     CONNECTED     274050
unix  2      [ ]         DGRAM                    48796
unix  2      [ ]         STREAM     CONNECTED     327980
unix  3      [ ]         STREAM     CONNECTED     283313
unix  3      [ ]         STREAM     CONNECTED     49957    /run/containerd/containerd.sock
unix  3      [ ]         STREAM     CONNECTED     274049
unix  2      [ ]         STREAM     CONNECTED     349152
unix  2      [ ]         STREAM     CONNECTED     329041
unix  3      [ ]         STREAM     CONNECTED     48825
unix  2      [ ]         DGRAM                    274046
unix  3      [ ]         STREAM     CONNECTED     48835
unix  3      [ ]         STREAM     CONNECTED     49944    /run/systemd/journal/stdout
unix  2      [ ]         STREAM     CONNECTED     287570
unix  3      [ ]         STREAM     CONNECTED     50347
unix  2      [ ]         DGRAM                    320320
unix  3      [ ]         STREAM     CONNECTED     325080
unix  2      [ ]         STREAM     CONNECTED     282705
unix  3      [ ]         STREAM     CONNECTED     349859   /run/dbus/system_bus_socket
unix  2      [ ]         DGRAM                    325077
unix  3      [ ]         STREAM     CONNECTED     283314
unix  3      [ ]         STREAM     CONNECTED     348509
unix  3      [ ]         STREAM     CONNECTED     320324
unix  3      [ ]         STREAM     CONNECTED     348508
unix  2      [ ]         DGRAM                    348505
unix  3      [ ]         STREAM     CONNECTED     30622
unix  2      [ ]         STREAM     CONNECTED     325580
unix  3      [ ]         STREAM     CONNECTED     32176    /run/systemd/journal/stdout
unix  2      [ ]         DGRAM                    325392
unix  3      [ ]         STREAM     CONNECTED     325395
unix  2      [ ]         STREAM     CONNECTED     279227
unix  2      [ ]         DGRAM                    27514
unix  2      [ ]         DGRAM                    29897
unix  3      [ ]         STREAM     CONNECTED     325396
unix  2      [ ]         STREAM     CONNECTED     349273
unix  3      [ ]         STREAM     CONNECTED     27511    /run/dbus/system_bus_socket
unix  3      [ ]         STREAM     CONNECTED     27428
unix  2      [ ]         DGRAM                    34107
unix  3      [ ]         STREAM     CONNECTED     26569    /run/systemd/journal/stdout
unix  2      [ ]         STREAM     CONNECTED     279224
unix  3      [ ]         STREAM     CONNECTED     29886
unix  3      [ ]         STREAM     CONNECTED     27429
unix  3      [ ]         STREAM     CONNECTED     26570    /run/systemd/journal/stdout
unix  3      [ ]         STREAM     CONNECTED     329897
unix  2      [ ]         DGRAM                    329894
unix  3      [ ]         STREAM     CONNECTED     167668   /run/systemd/journal/stdout
unix  2      [ ]         DGRAM                    29861
unix  3      [ ]         STREAM     CONNECTED     329898
unix  3      [ ]         STREAM     CONNECTED     27485
unix  2      [ ]         DGRAM                    279432
unix  3      [ ]         STREAM     CONNECTED     27486    /run/systemd/journal/stdout
unix  2      [ ]         STREAM     CONNECTED     325616
unix  3      [ ]         STREAM     CONNECTED     279435
unix  3      [ ]         STREAM     CONNECTED     168476
unix  2      [ ]         STREAM     CONNECTED     325577
unix  2      [ ]         STREAM     CONNECTED     349276
unix  3      [ ]         STREAM     CONNECTED     279436
unix  3      [ ]         STREAM     CONNECTED     27509
unix  2      [ ]         DGRAM                    49967
unix  3      [ ]         STREAM     CONNECTED     27508
unix  2      [ ]         DGRAM                    29804
[Handson-010@handson-client cowweb-for-wercker-demo]$ java -jar ./build/libs/cowweb-1.0.jar --server.port=9080

  .   ____          _            __ _ _
 /\\ / ___'_ __ _ _(_)_ __  __ _ \ \ \ \
( ( )\___ | '_ | '_| | '_ \/ _` | \ \ \ \
 \\/  ___)| |_)| | | | | || (_| |  ) ) ) )
  '  |____| .__|_| |_|_| |_\__, | / / / /
 =========|_|==============|___/=/_/_/_/
 :: Spring Boot ::        (v2.0.2.RELEASE)

2019-05-29 06:29:43.032  INFO 6306 --- [           main] com.oracle.jp.cowweb.Application         : Starting Application on handson-client.sub05280603390.handsonclientvc.oraclevcn.com with PID 6306 (/home/Handson-010/cowweb-for-wercker-demo/build/libs/cowweb-1.0.jar started by Handson-010 in /home/Handson-010/cowweb-for-wercker-demo)
2019-05-29 06:29:43.038  INFO 6306 --- [           main] com.oracle.jp.cowweb.Application         : No active profile set, falling back to default profiles: default
2019-05-29 06:29:43.150  INFO 6306 --- [           main] ConfigServletWebServerApplicationContext : Refreshing org.springframework.boot.web.servlet.context.AnnotationConfigServletWebServerApplicationContext@38cccef: startup date [Wed May 29 06:29:43 GMT 2019]; root of context hierarchy
2019-05-29 06:29:44.533  INFO 6306 --- [           main] f.a.AutowiredAnnotationBeanPostProcessor : JSR-330 'javax.inject.Inject' annotation found and supported for autowiring
2019-05-29 06:29:45.106  INFO 6306 --- [           main] o.s.b.w.embedded.tomcat.TomcatWebServer  : Tomcat initialized with port(s): 9080 (http)
2019-05-29 06:29:45.153  INFO 6306 --- [           main] o.apache.catalina.core.StandardService   : Starting service [Tomcat]
2019-05-29 06:29:45.154  INFO 6306 --- [           main] org.apache.catalina.core.StandardEngine  : Starting Servlet Engine: Apache Tomcat/8.5.31
2019-05-29 06:29:45.172  INFO 6306 --- [ost-startStop-1] o.a.catalina.core.AprLifecycleListener   : The APR based Apache Tomcat Native library which allows optimal performance in production environments was not found on the java.library.path: [/usr/java/packages/lib/amd64:/usr/lib64:/lib64:/lib:/usr/lib]
2019-05-29 06:29:45.296  INFO 6306 --- [ost-startStop-1] o.a.c.c.C.[Tomcat].[localhost].[/]       : Initializing Spring embedded WebApplicationContext
2019-05-29 06:29:45.297  INFO 6306 --- [ost-startStop-1] o.s.web.context.ContextLoader            : Root WebApplicationContext: initialization completed in 2152 ms
2019-05-29 06:29:45.462  INFO 6306 --- [ost-startStop-1] o.s.b.w.servlet.ServletRegistrationBean  : Servlet dispatcherServlet mapped to [/]
2019-05-29 06:29:45.467  INFO 6306 --- [ost-startStop-1] o.s.b.w.servlet.FilterRegistrationBean   : Mapping filter: 'characterEncodingFilter' to: [/*]
2019-05-29 06:29:45.468  INFO 6306 --- [ost-startStop-1] o.s.b.w.servlet.FilterRegistrationBean   : Mapping filter: 'hiddenHttpMethodFilter' to: [/*]
2019-05-29 06:29:45.468  INFO 6306 --- [ost-startStop-1] o.s.b.w.servlet.FilterRegistrationBean   : Mapping filter: 'httpPutFormContentFilter' to: [/*]
2019-05-29 06:29:45.468  INFO 6306 --- [ost-startStop-1] o.s.b.w.servlet.FilterRegistrationBean   : Mapping filter: 'requestContextFilter' to: [/*]
2019-05-29 06:29:45.677  INFO 6306 --- [           main] o.s.w.s.handler.SimpleUrlHandlerMapping  : Mapped URL path [/**/favicon.ico] onto handler of type [class org.springframework.web.servlet.resource.ResourceHttpRequestHandler]
2019-05-29 06:29:45.986  INFO 6306 --- [           main] s.w.s.m.m.a.RequestMappingHandlerAdapter : Looking for @ControllerAdvice: org.springframework.boot.web.servlet.context.AnnotationConfigServletWebServerApplicationContext@38cccef: startup date [Wed May 29 06:29:43 GMT 2019]; root of context hierarchy
2019-05-29 06:29:46.081  INFO 6306 --- [           main] s.w.s.m.m.a.RequestMappingHandlerMapping : Mapped "{[/cowsay/think]}" onto public java.lang.String com.oracle.jp.cowweb.CowsayController.think(java.util.Optional<java.lang.String>)
2019-05-29 06:29:46.083  INFO 6306 --- [           main] s.w.s.m.m.a.RequestMappingHandlerMapping : Mapped "{[/cowsay/ping]}" onto public java.lang.String com.oracle.jp.cowweb.CowsayController.ping()
2019-05-29 06:29:46.083  INFO 6306 --- [           main] s.w.s.m.m.a.RequestMappingHandlerMapping : Mapped "{[/cowsay/say]}" onto public java.lang.String com.oracle.jp.cowweb.CowsayController.say(java.util.Optional<java.lang.String>)
2019-05-29 06:29:46.088  INFO 6306 --- [           main] s.w.s.m.m.a.RequestMappingHandlerMapping : Mapped "{[/error]}" onto public org.springframework.http.ResponseEntity<java.util.Map<java.lang.String, java.lang.Object>> org.springframework.boot.autoconfigure.web.servlet.error.BasicErrorController.error(javax.servlet.http.HttpServletRequest)
2019-05-29 06:29:46.089  INFO 6306 --- [           main] s.w.s.m.m.a.RequestMappingHandlerMapping : Mapped "{[/error],produces=[text/html]}" onto public org.springframework.web.servlet.ModelAndView org.springframework.boot.autoconfigure.web.servlet.error.BasicErrorController.errorHtml(javax.servlet.http.HttpServletRequest,javax.servlet.http.HttpServletResponse)
2019-05-29 06:29:46.123  INFO 6306 --- [           main] o.s.w.s.handler.SimpleUrlHandlerMapping  : Mapped URL path [/webjars/**] onto handler of type [class org.springframework.web.servlet.resource.ResourceHttpRequestHandler]
2019-05-29 06:29:46.123  INFO 6306 --- [           main] o.s.w.s.handler.SimpleUrlHandlerMapping  : Mapped URL path [/**] onto handler of type [class org.springframework.web.servlet.resource.ResourceHttpRequestHandler]
2019-05-29 06:29:46.310  INFO 6306 --- [           main] o.s.j.e.a.AnnotationMBeanExporter        : Registering beans for JMX exposure on startup
2019-05-29 06:29:46.368  INFO 6306 --- [           main] o.s.b.w.embedded.tomcat.TomcatWebServer  : Tomcat started on port(s): 9080 (http) with context path ''
2019-05-29 06:29:46.374  INFO 6306 --- [           main] com.oracle.jp.cowweb.Application         : Started Application in 3.859 seconds (JVM running for 4.551)
2019-05-29 06:30:31.706  INFO 6306 --- [nio-9080-exec-1] o.a.c.c.C.[Tomcat].[localhost].[/]       : Initializing Spring FrameworkServlet 'dispatcherServlet'
2019-05-29 06:30:31.707  INFO 6306 --- [nio-9080-exec-1] o.s.web.servlet.DispatcherServlet        : FrameworkServlet 'dispatcherServlet': initialization started
2019-05-29 06:30:31.728  INFO 6306 --- [nio-9080-exec-1] o.s.web.servlet.DispatcherServlet        : FrameworkServlet 'dispatcherServlet': initialization completed in 21 ms
2019-05-29 06:30:31.766  INFO 6306 --- [nio-9080-exec-1] c.oracle.jp.cowweb.AccessLogInterceptor  : version: v1.0
^C2019-05-29 06:30:56.246  INFO 6306 --- [       Thread-3] ConfigServletWebServerApplicationContext : Closing org.springframework.boot.web.servlet.context.AnnotationConfigServletWebServerApplicationContext@38cccef: startup date [Wed May 29 06:29:43 GMT 2019]; root of context hierarchy
2019-05-29 06:30:56.249  INFO 6306 --- [       Thread-3] o.s.j.e.a.AnnotationMBeanExporter        : Unregistering JMX-exposed beans on shutdown
[Handson-010@handson-client cowweb-for-wercker-demo]$ cat Dockerfile
FROM gradle:jdk8-alpine as builder

COPY --chown=gradle:gradle ./build.gradle /home/gradle/
COPY --chown=gradle:gradle ./settings.gradle /home/gradle/
COPY --chown=gradle:gradle ./src /home/gradle/src
RUN gradle build -Pbuilddir=build

FROM java:8-jre-alpine

RUN addgroup -S -g 1000 app \
    && adduser -D -S -G app -u 1000 -s /bin/ash app
USER app
WORKDIR /home/app
COPY --from=builder --chown=app:app /home/gradle/build/libs/cowweb-1.0.jar .
CMD ["java", "-jar", "/home/app/cowweb-1.0.jar"][Handson-010@handson-client cowweb-for-wercker-demo]$
[Handson-010@handson-client cowweb-for-wercker-demo]$ docker build -t handson-010/cowweb:v1.0 .
Sending build context to Docker daemon  21.59MB
Step 1/11 : FROM gradle:jdk8-alpine as builder
 ---> 8017d8c2ba74
Step 2/11 : COPY --chown=gradle:gradle ./build.gradle /home/gradle/
 ---> Using cache
 ---> afa873252448
Step 3/11 : COPY --chown=gradle:gradle ./settings.gradle /home/gradle/
 ---> Using cache
 ---> 06c5f341908b
Step 4/11 : COPY --chown=gradle:gradle ./src /home/gradle/src
 ---> Using cache
 ---> f75acbbd6822
Step 5/11 : RUN gradle build -Pbuilddir=build
 ---> Using cache
 ---> 89f377cbe396
Step 6/11 : FROM java:8-jre-alpine
 ---> fdc893b19a14
Step 7/11 : RUN addgroup -S -g 1000 app     && adduser -D -S -G app -u 1000 -s /bin/ash app
 ---> Using cache
 ---> 81f9ad65fdc6
Step 8/11 : USER app
 ---> Using cache
 ---> 227aa0562eee
Step 9/11 : WORKDIR /home/app
 ---> Using cache
 ---> a8e728268f93
Step 10/11 : COPY --from=builder --chown=app:app /home/gradle/build/libs/cowweb-1.0.jar .
 ---> Using cache
 ---> b2b34d03f885
Step 11/11 : CMD ["java", "-jar", "/home/app/cowweb-1.0.jar"]
 ---> Using cache
 ---> 34917b59ba39
Successfully built 34917b59ba39
Successfully tagged handson-010/cowweb:v1.0
[Handson-010@handson-client cowweb-for-wercker-demo]$ docker images
REPOSITORY           TAG                 IMAGE ID            CREATED             SIZE
handson-006/cowweb   v1.0                34917b59ba39        8 minutes ago       128MB
handson-008/cowweb   v1.0                34917b59ba39        8 minutes ago       128MB
handson-009/cowweb   v1.0                34917b59ba39        8 minutes ago       128MB
handson-010/cowweb   v1.0                34917b59ba39        8 minutes ago       128MB
handson-011/cowweb   v1.0                34917b59ba39        8 minutes ago       128MB
handson-013/cowweb   v1.0                34917b59ba39        8 minutes ago       128MB
handson-001/cowweb   v1.0                34917b59ba39        8 minutes ago       128MB
handson-003/cowweb   v1.0                34917b59ba39        8 minutes ago       128MB
<none>               <none>              89f377cbe396        13 minutes ago      225MB
gradle               jdk8-alpine         8017d8c2ba74        2 weeks ago         204MB
java                 8-jre-alpine        fdc893b19a14        2 years ago         108MB
[Handson-010@handson-client cowweb-for-wercker-demo]$


login as: Handson-010
Handson-010@129.213.42.203's password:
Last login: Wed May 29 06:30:12 2019 from 202.45.129.201
[Handson-010@handson-client ~]$ pwd
/home/Handson-010
[Handson-010@handson-client ~]$ docker login iad.ocir.io
Username: handson190529/Handson-010
Password:
WARNING! Your password will be stored unencrypted in /home/Handson-010/.docker/config.json.
Configure a credential helper to remove this warning. See
https://docs.docker.com/engine/reference/commandline/login/#credentials-store

Login Succeeded
[Handson-010@handson-client ~]$ docker images
REPOSITORY                                              TAG                 IMAGE ID            CREATED             SIZE
handson-010/cowweb                                      v1.0                34917b59ba39        16 minutes ago      128MB
handson-011/cowweb                                      v1.0                34917b59ba39        16 minutes ago      128MB
handson-013/cowweb                                      v1.0                34917b59ba39        16 minutes ago      128MB
handson-001/cowweb                                      v1.0                34917b59ba39        16 minutes ago      128MB
handson-003/cowweb                                      v1.0                34917b59ba39        16 minutes ago      128MB
handson-006/cowweb                                      v1.0                34917b59ba39        16 minutes ago      128MB
handson-007/cowweb                                      v1.0                34917b59ba39        16 minutes ago      128MB
handson-008/cowweb                                      v1.0                34917b59ba39        16 minutes ago      128MB
handson-009/cowweb                                      v1.0                34917b59ba39        16 minutes ago      128MB
handson-012/cowweb                                      v1.0                34917b59ba39        16 minutes ago      128MB
handson-014/cowweb                                      v1.0                34917b59ba39        16 minutes ago      128MB
iad.ocir.io/handson190529/handson-008/cowweb            v1.0                34917b59ba39        16 minutes ago      128MB
iad.ocir.io/handson190529/handson-011/cowweb            v1.0                34917b59ba39        16 minutes ago      128MB
us-ashburn-1.ocir.io/handson190529/handson-013/cowweb   v1.0                34917b59ba39        16 minutes ago      128MB
handson-005/cowweb                                      v1.0                34917b59ba39        16 minutes ago      128MB
handson-015/cowweb                                      v1.0                34917b59ba39        16 minutes ago      128MB
iad.ocir.io/handson190529/handson-001/cowweb            v1.0                34917b59ba39        16 minutes ago      128MB
iad.ocir.io/handson190529/handson-003/cowweb            v1.0                34917b59ba39        16 minutes ago      128MB
iad.ocir.io/handson190529/handson-009/cowweb            v1.0                34917b59ba39        16 minutes ago      128MB
iad.ocir.io/handson190529/handson-015/cowweb            v1.0                34917b59ba39        16 minutes ago      128MB
<none>                                                  <none>              89f377cbe396        21 minutes ago      225MB
gradle                                                  jdk8-alpine         8017d8c2ba74        2 weeks ago         204MB
java                                                    8-jre-alpine        fdc893b19a14        2 years ago         108MB
[Handson-010@handson-client ~]$ docker tag handson-010/cowweb:v1.0 iad.ocir.io/handson190529/Handson-010/cowweb:v1.0
Error parsing reference: "iad.ocir.io/handson190529/Handson-010/cowweb:v1.0" is not a valid repository/tag: invalid reference format: repository name must be lowercase
[Handson-010@handson-client ~]$ docker tag handson-010/cowweb:v1.0 iad.ocir.io/handson190529/handson-010/cowweb:v1.0
[Handson-010@handson-client ~]$ docker images
REPOSITORY                                              TAG                 IMAGE ID            CREATED             SIZE
handson-008/cowweb                                      v1.0                34917b59ba39        18 minutes ago      128MB
handson-013/cowweb                                      v1.0                34917b59ba39        18 minutes ago      128MB
handson-014/cowweb                                      v1.0                34917b59ba39        18 minutes ago      128MB
iad.ocir.io/handson190529/handson-001/cowweb            v1.0                34917b59ba39        18 minutes ago      128MB
iad.ocir.io/handson190529/handson-003/cowweb            v1.0                34917b59ba39        18 minutes ago      128MB
iad.ocir.io/handson190529/handson-015/cowweb            v1.0                34917b59ba39        18 minutes ago      128MB
handson-003/cowweb                                      v1.0                34917b59ba39        18 minutes ago      128MB
handson-011/cowweb                                      v1.0                34917b59ba39        18 minutes ago      128MB
handson-012/cowweb                                      v1.0                34917b59ba39        18 minutes ago      128MB
iad.ocir.io/handson190529/handson-006/cowweb            v1.0                34917b59ba39        18 minutes ago      128MB
iad.ocir.io/handson190529/handson-009/cowweb            v1.0                34917b59ba39        18 minutes ago      128MB
iad.ocir.io/handson190529/handson-012/cowweb            v1.0                34917b59ba39        18 minutes ago      128MB
handson-015/cowweb                                      v1.0                34917b59ba39        18 minutes ago      128MB
iad.ocir.io/handson190529/handson-010/cowweb            v1.0                34917b59ba39        18 minutes ago      128MB
handson-001/cowweb                                      v1.0                34917b59ba39        18 minutes ago      128MB
handson-002/cowweb                                      v1.0                34917b59ba39        18 minutes ago      128MB
handson-005/cowweb                                      v1.0                34917b59ba39        18 minutes ago      128MB
handson-006/cowweb                                      v1.0                34917b59ba39        18 minutes ago      128MB
handson-009/cowweb                                      v1.0                34917b59ba39        18 minutes ago      128MB
handson-010/cowweb                                      v1.0                34917b59ba39        18 minutes ago      128MB
us-ashburn-1.ocir.io/handson190529/handson-013/cowweb   v1.0                34917b59ba39        18 minutes ago      128MB
handson-007/cowweb                                      v1.0                34917b59ba39        18 minutes ago      128MB
iad.ocir.io/handson190529/handson-008/cowweb            v1.0                34917b59ba39        18 minutes ago      128MB
iad.ocir.io/handson190529/handson-011/cowweb            v1.0                34917b59ba39        18 minutes ago      128MB
<none>                                                  <none>              89f377cbe396        22 minutes ago      225MB
gradle                                                  jdk8-alpine         8017d8c2ba74        2 weeks ago         204MB
java                                                    8-jre-alpine        fdc893b19a14        2 years ago         108MB
[Handson-010@handson-client ~]$ docker push iad.ocir.io/handson190529/handson-010/cowweb:v1.0
The push refers to repository [iad.ocir.io/handson190529/handson-010/cowweb]
fef7e1558b5c: Pushed
36f4974be0ca: Pushed
20dd87a4c2ab: Pushed
78075328e0da: Pushed
9f8566ee5135: Pushed
v1.0: digest: sha256:9f964978460c09e2ec9cd95b825ef57352ab05856f08822476ad6fd0b3901d39 size: 1367
[Handson-010@handson-client ~]$ cat ./kubernetes/cowweb.yaml
cat: ./kubernetes/cowweb.yaml: No such file or directory
[Handson-010@handson-client ~]$ pwd
/home/Handson-010
[Handson-010@handson-client ~]$ ls -l
total 16
drwxr-xr-x. 3 Handson-010 Handson-010   52 May 28 06:27 bin
drwxrwxr-x. 8 Handson-010 Handson-010 4096 May 29 06:27 cowweb-for-wercker-demo
-r-x------. 1 Handson-010 Handson-010 8701 May 28 06:19 install_oci.sh
drwxr-xr-x. 3 Handson-010 Handson-010   24 May 28 06:26 lib
[Handson-010@handson-client ~]$ cd cowweb-for-wercker-demo
[Handson-010@handson-client cowweb-for-wercker-demo]$ cat ./kubernetes/cowweb.yaml
apiVersion: apps/v1
kind: Deployment
metadata:
  name: cowweb
spec:
  replicas: 2
  selector:
    matchLabels:
      app: cowweb
  strategy:
    type: Recreate
  template:
    metadata:
      labels:
        app: cowweb
        version: v1.0
    spec:
      containers:
      - name: cowweb
        image: iad.ocir.io/gse00014510/acme-web-app/cowweb:v1.0
        ports:
        - name: api
          containerPort: 8080
        readinessProbe:
          httpGet:
            path: /cowsay/ping
            port: api
          initialDelaySeconds: 5
          periodSeconds: 10
        livenessProbe:
          httpGet:
            path: /cowsay/ping
            port: api
          initialDelaySeconds: 15
          periodSeconds: 20
        imagePullPolicy: Always
      imagePullSecrets:
        - name: cowweb-secret
[Handson-010@handson-client cowweb-for-wercker-demo]$ ls -ltr
total 40
-rw-rw-r--. 1 Handson-010 Handson-010  508 May 29 06:26 Dockerfile
-rw-rw-r--. 1 Handson-010 Handson-010  954 May 29 06:26 README.md
-rw-rw-r--. 1 Handson-010 Handson-010 1084 May 29 06:26 LICENSE
drwxrwxr-x. 3 Handson-010 Handson-010   21 May 29 06:26 gradle
-rw-rw-r--. 1 Handson-010 Handson-010 1633 May 29 06:26 build.gradle
-rw-rw-r--. 1 Handson-010 Handson-010 2260 May 29 06:26 gradlew.bat
-rwxrwxr-x. 1 Handson-010 Handson-010 5296 May 29 06:26 gradlew
-rw-rw-r--. 1 Handson-010 Handson-010   29 May 29 06:26 settings.gradle
drwxrwxr-x. 2 Handson-010 Handson-010 4096 May 29 06:26 kubernetes
-rw-rw-r--. 1 Handson-010 Handson-010 2199 May 29 06:26 wercker.yml
drwxrwxr-x. 5 Handson-010 Handson-010   54 May 29 06:26 src
drwxrwxr-x. 8 Handson-010 Handson-010   96 May 29 06:27 build
[Handson-010@handson-client cowweb-for-wercker-demo]$ vi ./kubernetes/cowweb.yaml
[Handson-010@handson-client cowweb-for-wercker-demo]$ vi ./kubernetes/cowweb.yaml
[Handson-010@handson-client cowweb-for-wercker-demo]$ git add .
[Handson-010@handson-client cowweb-for-wercker-demo]$ git commit -m "Update the image tag."

*** Please tell me who you are.

Run

  git config --global user.email "you@example.com"
  git config --global user.name "Your Name"

to set your account's default identity.
Omit --global to set the identity only in this repository.

fatal: empty ident name (for <Handson-010@handson-client.sub05280603390.handsonclientvc.oraclevcn.com>) not allowed
[Handson-010@handson-client cowweb-for-wercker-demo]$ git config --global user.email "williamzhao1979@gmail.com"
[Handson-010@handson-client cowweb-for-wercker-demo]$ git config --global user.name "Nakatsu Kinichi"
[Handson-010@handson-client cowweb-for-wercker-demo]$ git commit -m "Update the image tag."
[master 005ce03] Update the image tag.
 1 file changed, 1 insertion(+), 1 deletion(-)
[Handson-010@handson-client cowweb-for-wercker-demo]$ git push
warning: push.default is unset; its implicit value is changing in
Git 2.0 from 'matching' to 'simple'. To squelch this message
and maintain the current behavior after the default changes, use:

  git config --global push.default matching

To squelch this message and adopt the new behavior now, use:

  git config --global push.default simple

See 'git help config' and search for 'push.default' for further information.
(the 'simple' mode was introduced in Git 1.7.11. Use the similar mode
'current' instead of 'simple' if you sometimes use older versions of Git)

Username for 'https://github.com': williamzhao1979
Password for 'https://williamzhao1979@github.com':
Counting objects: 7, done.
Delta compression using up to 4 threads.
Compressing objects: 100% (4/4), done.
Writing objects: 100% (4/4), 402 bytes | 0 bytes/s, done.
Total 4 (delta 3), reused 0 (delta 0)
remote: Resolving deltas: 100% (3/3), completed with 3 local objects.
To https://github.com/williamzhao1979/cowweb-for-wercker-demo.git
   143819d..005ce03  master -> master
[Handson-010@handson-client cowweb-for-wercker-demo]$ git status
# On branch master
nothing to commit, working directory clean
[Handson-010@handson-client cowweb-for-wercker-demo]$ cat kubernetes/cowweb-service-nodeport.yaml
apiVersion: v1
kind: Service
metadata:
  name: cowweb
spec:
  ports:
  - name: http
    port: 8080
  selector:
    app: cowweb
  type: NodePort
[Handson-010@handson-client cowweb-for-wercker-demo]$ kubectl get pod,service
NAME                 TYPE        CLUSTER-IP   EXTERNAL-IP   PORT(S)   AGE
service/kubernetes   ClusterIP   10.96.0.1    <none>        443/TCP   25h
[Handson-010@handson-client cowweb-for-wercker-demo]$ kubectl create namespace nakatsu
namespace/nakatsu created
[Handson-010@handson-client cowweb-for-wercker-demo]$ kubectl get pod,service
NAME                 TYPE        CLUSTER-IP   EXTERNAL-IP   PORT(S)   AGE
service/kubernetes   ClusterIP   10.96.0.1    <none>        443/TCP   25h
[Handson-010@handson-client cowweb-for-wercker-demo]$ kubectl config set-context $(kubectl config current-context) --namespace=nakatsu
Context "context-cstimlbgezw" modified.
[Handson-010@handson-client cowweb-for-wercker-demo]$ kubectl get pod,service
No resources found.
[Handson-010@handson-client cowweb-for-wercker-demo]$ kubectl apply -f ./kubernetes/cowweb.yaml
deployment.apps/cowweb created
[Handson-010@handson-client cowweb-for-wercker-demo]$ kubectl get pod,service
NAME                          READY   STATUS    RESTARTS   AGE
pod/cowweb-7fd947f6b6-h96fp   0/1     Running   0          3s
pod/cowweb-7fd947f6b6-zjj6z   0/1     Running   0          3s
[Handson-010@handson-client cowweb-for-wercker-demo]$ kubectl get pod,service
NAME                          READY   STATUS    RESTARTS   AGE
pod/cowweb-7fd947f6b6-h96fp   1/1     Running   0          10s
pod/cowweb-7fd947f6b6-zjj6z   1/1     Running   0          10s
[Handson-010@handson-client cowweb-for-wercker-demo]$ kubectl apply -f ./kubernetes/cowweb-service-nodeport.yaml
service/cowweb created
[Handson-010@handson-client cowweb-for-wercker-demo]$ kubectl get pod,service
NAME                          READY   STATUS    RESTARTS   AGE
pod/cowweb-7fd947f6b6-h96fp   1/1     Running   0          20s
pod/cowweb-7fd947f6b6-zjj6z   1/1     Running   0          20s

NAME             TYPE       CLUSTER-IP     EXTERNAL-IP   PORT(S)          AGE
service/cowweb   NodePort   10.96.133.88   <none>        8080:30574/TCP   3s
[Handson-010@handson-client cowweb-for-wercker-demo]$ kubectl get nodes -o wide
NAME        STATUS   ROLES   AGE   VERSION   INTERNAL-IP   EXTERNAL-IP       OS-IMAGE                  KERNEL-VERSION                     CONTAINER-RUNTIME
10.0.10.2   Ready    node    25h   v1.12.7   10.0.10.2     132.145.151.55    Oracle Linux Server 7.6   4.14.35-1844.4.5.2.el7uek.x86_64   docker://18.9.1
10.0.10.3   Ready    node    24h   v1.12.7   10.0.10.3     129.213.43.194    Oracle Linux Server 7.6   4.14.35-1844.4.5.2.el7uek.x86_64   docker://18.9.1
10.0.11.2   Ready    node    25h   v1.12.7   10.0.11.2     129.213.129.76    Oracle Linux Server 7.6   4.14.35-1844.4.5.2.el7uek.x86_64   docker://18.9.1
10.0.11.3   Ready    node    25h   v1.12.7   10.0.11.3     129.213.91.206    Oracle Linux Server 7.6   4.14.35-1844.4.5.2.el7uek.x86_64   docker://18.9.1
10.0.12.2   Ready    node    25h   v1.12.7   10.0.12.2     132.145.167.102   Oracle Linux Server 7.6   4.14.35-1844.4.5.2.el7uek.x86_64   docker://18.9.1
10.0.12.3   Ready    node    25h   v1.12.7   10.0.12.3     129.213.137.88    Oracle Linux Server 7.6   4.14.35-1844.4.5.2.el7uek.x86_64   docker://18.9.1
[Handson-010@handson-client cowweb-for-wercker-demo]$ curl "http://132.145.151.55:30574/cowsay/say"
 ______
< Moo! >
 ------
        \   ^__^
         \  (oo)\_______
            (__)\       )\/\
                ||----w |
                ||     ||
[Handson-010@handson-client cowweb-for-wercker-demo]$


login as: Handson-010
Handson-010@129.213.42.203's password:
Last login: Wed May 29 06:41:49 2019 from 202.45.129.201
[Handson-010@handson-client ~]$ ls -l
total 16
drwxr-xr-x. 3 Handson-010 Handson-010   52 May 28 06:27 bin
drwxrwxr-x. 8 Handson-010 Handson-010 4096 May 29 06:27 cowweb-for-wercker-demo
-r-x------. 1 Handson-010 Handson-010 8701 May 28 06:19 install_oci.sh
drwxr-xr-x. 3 Handson-010 Handson-010   24 May 28 06:26 lib
[Handson-010@handson-client ~]$ cd cowweb-for-wercker-demo/
[Handson-010@handson-client cowweb-for-wercker-demo]$ cat ./wercker.yml
box:
  id: openjdk:8-jdk
  ports:
    - 8080

dev:
  steps:
    - script:
        name: info/env
        code: env
    - internal/watch:
        name: Run and Watch
        code: |
          ./gradlew bootRun
        reload: true

build:
  steps:
    - script:
        name: info/env
        code: env
    - script:
        name: prepare gradlew
        code: |
          chmod +x ./gradlew
    - script:
        name: gradle build
        code: |
          ./gradlew --full-stacktrace -q --project-cache-dir=$WERCKER_CACHE_DIR build

integration-test:
  steps:
    - script:
        name: Run and IT
        code: |
          java -jar $WERCKER_ROOT/build/libs/cowweb-1.0.jar &
          sleep 5
          ./gradlew --full-stacktrace -q --project-cache-dir=$WERCKER_CACHE_DIR integrationTest

push-to-releases:
  steps:
    - internal/docker-push:
        username: $REGISTRY_USERNAME
        password: $REGISTRY_PASSWORD
        repository: iad.ocir.io/gse00014510/acme-web-app/cowweb
        tag: v1.0
        ports: 8080
        cmd: java -jar /pipeline/source/build/libs/cowweb-1.0.jar

deploy-to-cluster:
  box:
    id: alpine
    cmd: /bin/sh
  steps:
    - kubectl:
        name: connection testing
        server: $KUBERNETES_MASTER
        token: $KUBERNETES_TOKEN
        insecure-skip-tls-verify: true
        command: get nodes

    - kubectl:
        name: delete objects
        server: $KUBERNETES_MASTER
        token: $KUBERNETES_TOKEN
        insecure-skip-tls-verify: true
        command: delete -f $WERCKER_ROOT/kubernetes/cowweb.yaml --namespace=$COWWEB_NAMESPACE

    - script:
       name: wait to delete resources
       code: sleep 20

    - kubectl:
        name: create objects
        server: $KUBERNETES_MASTER
        token: $KUBERNETES_TOKEN
        insecure-skip-tls-verify: true
        command: create -f $WERCKER_ROOT/kubernetes/cowweb.yaml --namespace=$COWWEB_NAMESPACE

    - kubectl:
        name: get LoadBalancer public IP address
        server: $KUBERNETES_MASTER
        token: $KUBERNETES_TOKEN
        insecure-skip-tls-verify: true
        command: get service -o jsonpath='{.items[*].status.loadBalancer.ingress[*].ip}' --namespace=$COWWEB_NAMESPACE
[Handson-010@handson-client cowweb-for-wercker-demo]$


login as: Handson-010
Handson-010@129.213.42.203's password:
Last login: Wed May 29 07:30:49 2019 from 202.45.129.201
[Handson-010@handson-client ~]$ cat $HOME/.kube/config
apiVersion: v1
clusters:
- cluster:
    certificate-authority-data: LS0tLS1CRUdJTiBDRVJUSUZJQ0FURS0tLS0tCk1JSURqRENDQW5TZ0F3SUJBZ0lVUmdSZHhiMDQzV2VLQjV5ZFUway9JT05vTER3d0RRWUpLb1pJaHZjTkFRRUwKQlFBd1hqRUxNQWtHQTFVRUJoTUNWVk14RGpBTUJnTlZCQWdUQlZSbGVHRnpNUTh3RFFZRFZRUUhFd1pCZFhOMAphVzR4RHpBTkJnTlZCQW9UQms5eVlXTnNaVEVNTUFvR0ExVUVDeE1EVDBSWU1ROHdEUVlEVlFRREV3WkxPRk1nClEwRXdIaGNOTVRrd05USTRNRFV6TXpBd1doY05NalF3TlRJMk1EVXpNekF3V2pCZU1Rc3dDUVlEVlFRR0V3SlYKVXpFT01Bd0dBMVVFQ0JNRlZHVjRZWE14RHpBTkJnTlZCQWNUQmtGMWMzUnBiakVQTUEwR0ExVUVDaE1HVDNKaApZMnhsTVF3d0NnWURWUVFMRXdOUFJGZ3hEekFOQmdOVkJBTVRCa3M0VXlCRFFUQ0NBU0l3RFFZSktvWklodmNOCkFRRUJCUUFEZ2dFUEFEQ0NBUW9DZ2dFQkFLSmFJRnhLM2QzR0dFS3N5NDhtSFlmMVErWWIxS1ZXelpvakE2M0wKQ01OTXZzS3Nta3dpWktJNTl5MUFwc0g5eXJlWmdpdnorMzVoajRtU3ZxWGg3SjZiT3R4TThvMXdjeVA0ZUpnUQo4NTl6WVlzc1EydGV5WVROalJreGE5WHozRmJjYW9kRlp1TTJmK0t1d2tURXY4SHV5d3ZFZkFJS3ZDSUtMK1FLCm1xcVAzbmxKUWxCdU1qcldqd1VvY2Z3dFBGYkladFV5U3k3QStKZlF4Q3l2d2gyVExwUUFoSnpjaTE1WmViUncKRUdoeHNWSERPdGRRSFFtamZWSkQ4Z0FRR29iR1J2YWMvcEhsbWRGNktNMnBwYnkzN3FSMzRyS0xERzlLdG93NwpaZExENTlmVFVvRHhoeHlBOTVEQkFFenRSVjhjREpWd3A0bnhodGwvbnBORm01a0NBd0VBQWFOQ01FQXdEZ1lEClZSMFBBUUgvQkFRREFnRUdNQThHQTFVZEV3RUIvd1FGTUFNQkFmOHdIUVlEVlIwT0JCWUVGSEhyQ2NNd3kxaUcKNUxXdGFHZjRIYUNEZm1hZU1BMEdDU3FHU0liM0RRRUJDd1VBQTRJQkFRQTdjVDVNT2tmZDdzekdIWGk1emtTSwppR2QrWXdRS1lDam1GUXEydC8xRVBGVldBbUFCTnYvVFR1M2pQZktwYWpEa2p3bHpsa1ZGZnU5TVl4MTgxUDRtCjVSL3UyQWhzai9EaEloUnpIZlJxWDdjbXgvRjlwOGZ2VmJUZm5WY0J3SWtlRUZiVitWK3VtUEFKMFRBY3VhaTgKZ2d2YWJnUy85YkxFMGk4dk1pLzM2djJCTFlXTURFWjJOMUUrYmNVTHMzdkpTQUZNRlNIV0p0SmxmOTRObWtvSgpXWDJWaitMc3RGMGh6YnA2WGxWdmczQ2x6V29rSElYYmdWTVQzMWN5Zm9jVlBWcFBFVkVSdW9KbFNmR3pVTlhYCkVlQ0ZvZXZzN240ZGxnYkZTam00dmpJZzBaMmtHODRhSUp3Z1pkZFlINDQ4cFhaTU9rUkl3WXp5QkY1ajZqV0YKLS0tLS1FTkQgQ0VSVElGSUNBVEUtLS0tLQo=
    server: https://cstimlbgezw.us-ashburn-1.clusters.oci.oraclecloud.com:6443
  name: cluster-cstimlbgezw
contexts:
- context:
    cluster: cluster-cstimlbgezw
    namespace: nakatsu
    user: user-cstimlbgezw
  name: context-cstimlbgezw
current-context: context-cstimlbgezw
kind: Config
preferences: {}
users:
- name: user-cstimlbgezw
  user:
    token: eyJoZWFkZXIiOnsiQXV0aG9yaXphdGlvbiI6WyJTaWduYXR1cmUgYWxnb3JpdGhtPVwicnNhLXNoYTI1NlwiLGhlYWRlcnM9XCJkYXRlIChyZXF1ZXN0LXRhcmdldCkgaG9zdCBjb250ZW50LWxlbmd0aCBjb250ZW50LXR5cGUgeC1jb250ZW50LXNoYTI1NlwiLGtleUlkPVwib2NpZDEudGVuYW5jeS5vYzEuLmFhYWFhYWFhdDdhaHMzdHFwM2Yya2hkeG5tMzR1Zm41NTR2YXl0MnMyZjM3N2xseXJjZGRuZGZwN29sYS9vY2lkMS51c2VyLm9jMS4uYWFhYWFhYWFvdnp1Mmk2bWdzNXlpa2ZqNWIyY3FsZmI0aWRsYmlnZW5jZHIzZmZ1dWU3Z29keW10ZGtxLzgzOmI0OjUzOmI3OmFhOmU5OjU3OjAwOmMyOjQ3OjAwOmRkOmQ4OjQ4OmQwOmQ3XCIsc2lnbmF0dXJlPVwiQU1KeTE2MTh3VlJUWDZMWjVhcEQwRTZHNHY4MzlwYXQ2TXZ5cGE3TDZFaHNwSHVoODd6UDlxYnNJYVlkQ3BrcUhYcnBjb0ZoODVlMG8rMDd0QkViOVBSRFlIYXVPRzRYd0ZMdlk2d0pHTjdWTkN4ZVBGc0dYUjZybGp0YUVqZXQ1ektOMmM5VnFNYi9ndmVTMEEwRDBuYmdPelpicjlQdDJ5YlZJQmZUcVJubUU0U0NPNkxaWkFJWVArRlA4LytJZlc0aWd0dGJtbXg4M2VFRlZ0emxrVlpWclJsVXpKdmxMYllpamdsU3hFQ2hzNlJHL2ZUMUJYV3dRU2N5QmZPRGVVcG9xdGM1VVYyTXpxNEpsQUVFNHVzSlVEWlk0L0hGNzYzMEEzbnhKc2JicHgzQXpacFZRN05DM1NVeng4MzRwa1gwbEk0L3BlQndMN2FodEprRHRnPT1cIix2ZXJzaW9uPVwiMVwiIl0sIkNvbnRlbnQtTGVuZ3RoIjpbIjIiXSwiQ29udGVudC1UeXBlIjpbImFwcGxpY2F0aW9uL2pzb24iXSwiRGF0ZSI6WyJXZWQsIDI5IE1heSAyMDE5IDA2OjA2OjEwIEdNVCJdLCJYLUNvbnRlbnQtU2hhMjU2IjpbIlJCTnZvMVd6WjRvUlJxMFc5K2hrbnBUN1Q4SWY1MzZERU1CZzloeXEvNG89Il19LCJib2R5Ijp7InRva2VuVmVyc2lvbiI6IjEuMC4wIiwiZXhwaXJhdGlvbiI6MjU5MjAwMDAwMDAwMDAwMH0sImhvc3QiOiJjb250YWluZXJlbmdpbmUudXMtYXNoYnVybi0xLm9yYWNsZWNsb3VkLmNvbSIsInJlcXVlc3RfdXJpIjoiLzIwMTgwMjIyL2NsdXN0ZXJzL29jaWQxLmNsdXN0ZXIub2MxLmlhZC5hYWFhYWFhYWFmcnRhbnp0aGZydHFuanNtanN3aW5ydmdyc2dtbmJ6aGE0ZHF6YndnY3N0aW1sYmdlencva3ViZWNvbmZpZy9jb250ZW50In0=
[Handson-010@handson-client ~]$
login as: Handson-010
Handson-010@129.213.42.203's password:
Last login: Wed May 29 07:42:24 2019 from 202.45.129.201
[Handson-010@handson-client ~]$ curl "http://132.145.151.55:30574/cowsay/say"
 ______
< Moo! >
 ------
        \   ^__^
         \  (oo)\_______
            (__)\       )\/\
                ||----w |
                ||     ||
[Handson-010@handson-client ~]$

login as: Handson-010
Handson-010@129.213.42.203's password:
Access denied
Handson-010@129.213.42.203's password:
Last failed login: Wed May 29 08:06:56 GMT 2019 from 202.45.129.201 on ssh:notty
There was 1 failed login attempt since the last successful login.
Last login: Wed May 29 07:54:48 2019 from 202.45.129.201
[Handson-010@handson-client ~]$ curl "http://132.145.151.55:30574/cowsay/say"
 ______
< Moo! >
 ------
          \
           \
            \          __---__
                    _-       /--______
               __--( /     \ )XXXXXXXXXXX\v.
             .-XXX(   O   O  )XXXXXXXXXXXXXXX-
            /XXX(       U     )        XXXXXXX\
          /XXXXX(              )--_  XXXXXXXXXXX\
         /XXXXX/ (      O     )   XXXXXX   \XXXXX\
         XXXXX/   /            XXXXXX   \__ \XXXXX
         XXXXXX__/          XXXXXX         \__---->
 ---___  XXX__/          XXXXXX      \__         /
   \-  --__/   ___/\  XXXXXX            /  ___--/=
    \-\    ___/    XXXXXX              '--- XXXXXX
       \-\/XXX\ XXXXXX                      /XXXXX
         \XXXXXXXXX   \                    /XXXXX/
          \XXXXXX      >                 _/XXXXX/
            \XXXXX--__/              __-- XXXX/
             -XXXXXXXX---------------  XXXXXX-
                \XXXXXXXXXXXXXXXXXXXXXXXXXX/
                  ""VXXXXXXXXXXXXXXXXXXV""
[Handson-010@handson-client ~]$ ______ < Moo! > ------ \ ^__^ \ (oo)\_______ (__)\ )\/\ ||----w | || ||
-bash: syntax error near unexpected token `('
[Handson-010@handson-client ~]$




